Archive member included to satisfy reference by file (symbol)

C:/Users/hgl/AppData/Local/stm32cube/bundles/gnu-tools-for-stm32/13.3.1+st.9/bin/../lib/gcc/arm-none-eabi/13.3.1/../../../../arm-none-eabi/lib/thumb/v7-m/nofp\libc_nano.a(libc_a-exit.o)
                              C:/Users/hgl/AppData/Local/stm32cube/bundles/gnu-tools-for-stm32/13.3.1+st.9/bin/../lib/gcc/arm-none-eabi/13.3.1/../../../../arm-none-eabi/lib/thumb/v7-m/nofp/crt0.o (exit)
C:/Users/hgl/AppData/Local/stm32cube/bundles/gnu-tools-for-stm32/13.3.1+st.9/bin/../lib/gcc/arm-none-eabi/13.3.1/../../../../arm-none-eabi/lib/thumb/v7-m/nofp\libc_nano.a(libc_a-findfp.o)
                              C:/Users/hgl/AppData/Local/stm32cube/bundles/gnu-tools-for-stm32/13.3.1+st.9/bin/../lib/gcc/arm-none-eabi/13.3.1/../../../../arm-none-eabi/lib/thumb/v7-m/nofp\libc_nano.a(libc_a-exit.o) (__stdio_exit_handler)
C:/Users/hgl/AppData/Local/stm32cube/bundles/gnu-tools-for-stm32/13.3.1+st.9/bin/../lib/gcc/arm-none-eabi/13.3.1/../../../../arm-none-eabi/lib/thumb/v7-m/nofp\libc_nano.a(libc_a-fwalk.o)
                              C:/Users/hgl/AppData/Local/stm32cube/bundles/gnu-tools-for-stm32/13.3.1+st.9/bin/../lib/gcc/arm-none-eabi/13.3.1/../../../../arm-none-eabi/lib/thumb/v7-m/nofp\libc_nano.a(libc_a-findfp.o) (_fwalk_sglue)
C:/Users/hgl/AppData/Local/stm32cube/bundles/gnu-tools-for-stm32/13.3.1+st.9/bin/../lib/gcc/arm-none-eabi/13.3.1/../../../../arm-none-eabi/lib/thumb/v7-m/nofp\libc_nano.a(libc_a-stdio.o)
                              C:/Users/hgl/AppData/Local/stm32cube/bundles/gnu-tools-for-stm32/13.3.1+st.9/bin/../lib/gcc/arm-none-eabi/13.3.1/../../../../arm-none-eabi/lib/thumb/v7-m/nofp\libc_nano.a(libc_a-findfp.o) (__sread)
C:/Users/hgl/AppData/Local/stm32cube/bundles/gnu-tools-for-stm32/13.3.1+st.9/bin/../lib/gcc/arm-none-eabi/13.3.1/../../../../arm-none-eabi/lib/thumb/v7-m/nofp\libc_nano.a(libc_a-memset.o)
                              C:/Users/hgl/AppData/Local/stm32cube/bundles/gnu-tools-for-stm32/13.3.1+st.9/bin/../lib/gcc/arm-none-eabi/13.3.1/../../../../arm-none-eabi/lib/thumb/v7-m/nofp/crt0.o (memset)
C:/Users/hgl/AppData/Local/stm32cube/bundles/gnu-tools-for-stm32/13.3.1+st.9/bin/../lib/gcc/arm-none-eabi/13.3.1/../../../../arm-none-eabi/lib/thumb/v7-m/nofp\libc_nano.a(libc_a-closer.o)
                              C:/Users/hgl/AppData/Local/stm32cube/bundles/gnu-tools-for-stm32/13.3.1+st.9/bin/../lib/gcc/arm-none-eabi/13.3.1/../../../../arm-none-eabi/lib/thumb/v7-m/nofp\libc_nano.a(libc_a-stdio.o) (_close_r)
C:/Users/hgl/AppData/Local/stm32cube/bundles/gnu-tools-for-stm32/13.3.1+st.9/bin/../lib/gcc/arm-none-eabi/13.3.1/../../../../arm-none-eabi/lib/thumb/v7-m/nofp\libc_nano.a(libc_a-reent.o)
                              C:/Users/hgl/AppData/Local/stm32cube/bundles/gnu-tools-for-stm32/13.3.1+st.9/bin/../lib/gcc/arm-none-eabi/13.3.1/../../../../arm-none-eabi/lib/thumb/v7-m/nofp\libc_nano.a(libc_a-closer.o) (errno)
C:/Users/hgl/AppData/Local/stm32cube/bundles/gnu-tools-for-stm32/13.3.1+st.9/bin/../lib/gcc/arm-none-eabi/13.3.1/../../../../arm-none-eabi/lib/thumb/v7-m/nofp\libc_nano.a(libc_a-impure.o)
                              C:/Users/hgl/AppData/Local/stm32cube/bundles/gnu-tools-for-stm32/13.3.1+st.9/bin/../lib/gcc/arm-none-eabi/13.3.1/../../../../arm-none-eabi/lib/thumb/v7-m/nofp\libc_nano.a(libc_a-reent.o) (_impure_ptr)
C:/Users/hgl/AppData/Local/stm32cube/bundles/gnu-tools-for-stm32/13.3.1+st.9/bin/../lib/gcc/arm-none-eabi/13.3.1/../../../../arm-none-eabi/lib/thumb/v7-m/nofp\libc_nano.a(libc_a-lseekr.o)
                              C:/Users/hgl/AppData/Local/stm32cube/bundles/gnu-tools-for-stm32/13.3.1+st.9/bin/../lib/gcc/arm-none-eabi/13.3.1/../../../../arm-none-eabi/lib/thumb/v7-m/nofp\libc_nano.a(libc_a-stdio.o) (_lseek_r)
C:/Users/hgl/AppData/Local/stm32cube/bundles/gnu-tools-for-stm32/13.3.1+st.9/bin/../lib/gcc/arm-none-eabi/13.3.1/../../../../arm-none-eabi/lib/thumb/v7-m/nofp\libc_nano.a(libc_a-readr.o)
                              C:/Users/hgl/AppData/Local/stm32cube/bundles/gnu-tools-for-stm32/13.3.1+st.9/bin/../lib/gcc/arm-none-eabi/13.3.1/../../../../arm-none-eabi/lib/thumb/v7-m/nofp\libc_nano.a(libc_a-stdio.o) (_read_r)
C:/Users/hgl/AppData/Local/stm32cube/bundles/gnu-tools-for-stm32/13.3.1+st.9/bin/../lib/gcc/arm-none-eabi/13.3.1/../../../../arm-none-eabi/lib/thumb/v7-m/nofp\libc_nano.a(libc_a-writer.o)
                              C:/Users/hgl/AppData/Local/stm32cube/bundles/gnu-tools-for-stm32/13.3.1+st.9/bin/../lib/gcc/arm-none-eabi/13.3.1/../../../../arm-none-eabi/lib/thumb/v7-m/nofp\libc_nano.a(libc_a-stdio.o) (_write_r)
C:/Users/hgl/AppData/Local/stm32cube/bundles/gnu-tools-for-stm32/13.3.1+st.9/bin/../lib/gcc/arm-none-eabi/13.3.1/../../../../arm-none-eabi/lib/thumb/v7-m/nofp\libc_nano.a(libc_a-init.o)
[...]
Memory Configuration

Name             Origin             Length             Attributes
RAM              0x20000000         0x00005000         xrw
FLASH            0x08000000         0x00010000         xr
*default*        0x00000000         0xffffffff

Linker script and memory map

LOAD C:/Users/hgl/AppData/Local/stm32cube/bundles/gnu-tools-for-stm32/13.3.1+st.9/bin/../lib/gcc/arm-none-eabi/13.3.1/thumb/v7-m/nofp/crti.o
LOAD C:/Users/hgl/AppData/Local/stm32cube/bundles/gnu-tools-for-stm32/13.3.1+st.9/bin/../lib/gcc/arm-none-eabi/13.3.1/thumb/v7-m/nofp/crtbegin.o
LOAD C:/Users/hgl/AppData/Local/stm32cube/bundles/gnu-tools-for-stm32/13.3.1+st.9/bin/../lib/gcc/arm-none-eabi/13.3.1/../../../../arm-none-eabi/lib/thumb/v7-m/nofp/crt0.o
START GROUP
LOAD C:/Users/hgl/AppData/Local/stm32cube/bundles/gnu-tools-for-stm32/13.3.1+st.9/bin/../lib/gcc/arm-none-eabi/13.3.1/../../../../arm-none-eabi/lib/thumb/v7-m/nofp\libc_nano.a
LOAD C:/Users/hgl/AppData/Local/stm32cube/bundles/gnu-tools-for-stm32/13.3.1+st.9/bin/../lib/gcc/arm-none-eabi/13.3.1/../../../../arm-none-eabi/lib/thumb/v7-m/nofp\libm.a
END GROUP
LOAD cmake/stm32cubemx/CMakeFiles/STM32_Drivers.dir/__/__/Core/Src/system_stm32f1xx.c.obj
LOAD cmake/stm32cubemx/CMakeFiles/STM32_Drivers.dir/__/__/Drivers/STM32F1xx_HAL_Driver/Src/stm32f1xx_hal_gpio_ex.c.obj
LOAD cmake/stm32cubemx/CMakeFiles/STM32_Drivers.dir/__/__/Drivers/STM32F1xx_HAL_Driver/Src/stm32f1xx_hal.c.obj
LOAD cmake/stm32cubemx/CMakeFiles/STM32_Drivers.dir/__/__/Drivers/STM32F1xx_HAL_Driver/Src/stm32f1xx_hal_rcc.c.obj
LOAD cmake/stm32cubemx/CMakeFiles/STM32_Drivers.dir/__/__/Drivers/STM32F1xx_HAL_Driver/Src/stm32f1xx_hal_rcc_ex.c.obj
LOAD cmake/stm32cubemx/CMakeFiles/STM32_Drivers.dir/__/__/Drivers/STM32F1xx_HAL_Driver/Src/stm32f1xx_hal_gpio.c.obj
LOAD cmake/stm32cubemx/CMakeFiles/STM32_Drivers.dir/__/__/Drivers/STM32F1xx_HAL_Driver/Src/stm32f1xx_hal_dma.c.obj
LOAD cmake/stm32cubemx/CMakeFiles/STM32_Drivers.dir/__/__/Drivers/STM32F1xx_HAL_Driver/Src/stm32f1xx_hal_cortex.c.obj
LOAD cmake/stm32cubemx/CMakeFiles/STM32_Drivers.dir/__/__/Drivers/STM32F1xx_HAL_Driver/Src/stm32f1xx_hal_pwr.c.obj
LOAD cmake/stm32cubemx/CMakeFiles/STM32_Drivers.dir/__/__/Drivers/STM32F1xx_HAL_Driver/Src/stm32f1xx_hal_flash.c.obj
LOAD cmake/stm32cubemx/CMakeFiles/STM32_Drivers.dir/__/__/Drivers/STM32F1xx_HAL_Driver/Src/stm32f1xx_hal_flash_ex.c.obj
LOAD cmake/stm32cubemx/CMakeFiles/STM32_Drivers.dir/__/__/Drivers/STM32F1xx_HAL_Driver/Src/stm32f1xx_hal_exti.c.obj
LOAD cmake/stm32cubemx/CMakeFiles/STM32_Drivers.dir/__/__/Drivers/STM32F1xx_HAL_Driver/Src/stm32f1xx_hal_tim.c.obj
LOAD cmake/stm32cubemx/CMakeFiles/STM32_Drivers.dir/__/__/Drivers/STM32F1xx_HAL_Driver/Src/stm32f1xx_hal_tim_ex.c.obj
LOAD cmake/stm32cubemx/CMakeFiles/STM32_Drivers.dir/__/__/Drivers/STM32F1xx_HAL_Driver/Src/stm32f1xx_hal_uart.c.obj
LOAD cmake/stm32cubemx/CMakeFiles/FreeRTOS.dir/__/__/Middlewares/Third_Party/FreeRTOS/Source/croutine.c.obj
LOAD cmake/stm32cubemx/CMakeFiles/FreeRTOS.dir/__/__/Middlewares/Third_Party/FreeRTOS/Source/event_groups.c.obj
LOAD cmake/stm32cubemx/CMakeFiles/FreeRTOS.dir/__/__/Middlewares/Third_Party/FreeRTOS/Source/list.c.obj
LOAD cmake/stm32cubemx/CMakeFiles/FreeRTOS.dir/__/__/Middlewares/Third_Party/FreeRTOS/Source/queue.c.obj
LOAD cmake/stm32cubemx/CMakeFiles/FreeRTOS.dir/__/__/Middlewares/Third_Party/FreeRTOS/Source/stream_buffer.c.obj
LOAD cmake/stm32cubemx/CMakeFiles/FreeRTOS.dir/__/__/Middlewares/Third_Party/FreeRTOS/Source/tasks.c.obj
LOAD cmake/stm32cubemx/CMakeFiles/FreeRTOS.dir/__/__/Middlewares/Third_Party/FreeRTOS/Source/timers.c.obj
LOAD cmake/stm32cubemx/CMakeFiles/FreeRTOS.dir/__/__/Middlewares/Third_Party/FreeRTOS/Source/CMSIS_RTOS_V2/cmsis_os2.c.obj
LOAD cmake/stm32cubemx/CMakeFiles/FreeRTOS.dir/__/__/Middlewares/Third_Party/FreeRTOS/Source/portable/MemMang/heap_4.c.obj
LOAD cmake/stm32cubemx/CMakeFiles/FreeRTOS.dir/__/__/Middlewares/Third_Party/FreeRTOS/Source/portable/GCC/ARM_CM3/port.c.obj
LOAD CMakeFiles/free_rtos_temple.dir/Core/Src/drv8833.c.obj
LOAD CMakeFiles/free_rtos_temple.dir/Core/Src/hc_05.c.obj
LOAD CMakeFiles/free_rtos_temple.dir/Core/Src/sr04.c.obj
LOAD CMakeFiles/free_rtos_temple.dir/Core/Src/main.c.obj
LOAD CMakeFiles/free_rtos_temple.dir/Core/Src/gpio.c.obj
LOAD CMakeFiles/free_rtos_temple.dir/Core/Src/freertos.c.obj
LOAD CMakeFiles/free_rtos_temple.dir/Core/Src/tim.c.obj
LOAD CMakeFiles/free_rtos_temple.dir/Core/Src/usart.c.obj
LOAD CMakeFiles/free_rtos_temple.dir/Core/Src/stm32f1xx_it.c.obj
LOAD CMakeFiles/free_rtos_temple.dir/Core/Src/stm32f1xx_hal_msp.c.obj
LOAD CMakeFiles/free_rtos_temple.dir/Core/Src/sysmem.c.obj
LOAD CMakeFiles/free_rtos_temple.dir/Core/Src/syscalls.c.obj
LOAD CMakeFiles/free_rtos_temple.dir/startup_stm32f103xb.s.obj
START GROUP
LOAD C:/Users/hgl/AppData/Local/stm32cube/bundles/gnu-tools-for-stm32/13.3.1+st.9/bin/../lib/gcc/arm-none-eabi/13.3.1/thumb/v7-m/nofp\libgcc.a
LOAD C:/Users/hgl/AppData/Local/stm32cube/bundles/gnu-tools-for-stm32/13.3.1+st.9/bin/../lib/gcc/arm-none-eabi/13.3.1/../../../../arm-none-eabi/lib/thumb/v7-m/nofp\libg_nano.a
LOAD C:/Users/hgl/AppData/Local/stm32cube/bundles/gnu-tools-for-stm32/13.3.1+st.9/bin/../lib/gcc/arm-none-eabi/13.3.1/../../../../arm-none-eabi/lib/thumb/v7-m/nofp\libc_nano.a
END GROUP
START GROUP
LOAD C:/Users/hgl/AppData/Local/stm32cube/bundles/gnu-tools-for-stm32/13.3.1+st.9/bin/../lib/gcc/arm-none-eabi/13.3.1/thumb/v7-m/nofp\libgcc.a
LOAD C:/Users/hgl/AppData/Local/stm32cube/bundles/gnu-tools-for-stm32/13.3.1+st.9/bin/../lib/gcc/arm-none-eabi/13.3.1/../../../../arm-none-eabi/lib/thumb/v7-m/nofp\libc_nano.a
END GROUP
LOAD C:/Users/hgl/AppData/Local/stm32cube/bundles/gnu-tools-for-stm32/13.3.1+st.9/bin/../lib/gcc/arm-none-eabi/13.3.1/thumb/v7-m/nofp/crtend.o
LOAD C:/Users/hgl/AppData/Local/stm32cube/bundles/gnu-tools-for-stm32/13.3.1+st.9/bin/../lib/gcc/arm-none-eabi/13.3.1/thumb/v7-m/nofp/crtn.o
                0x20005000                        _estack = (ORIGIN (RAM) + LENGTH (RAM))
                0x00000200                        _Min_Heap_Size = 0x200
                0x00000400                        _Min_Stack_Size = 0x400

.isr_vector     0x08000000      0x10c
                0x08000000                        . = ALIGN (0x4)
 *(.isr_vector)
 .isr_vector    0x08000000      0x10c CMakeFiles/free_rtos_temple.dir/startup_stm32f103xb.s.obj
                0x08000000                g_pfnVectors
                0x0800010c                        . = ALIGN (0x4)

.text           0x08000110     0x7470
                0x08000110                        . = ALIGN (0x4)
 *(.text)
 .text          0x08000110       0x40 C:/Users/hgl/AppData/Local/stm32cube/bundles/gnu-tools-for-stm32/13.3.1+st.9/bin/../lib/gcc/arm-none-eabi/13.3.1/thumb/v7-m/nofp/crtbegin.o
 .text          0x08000150      0x378 C:/Users/hgl/AppData/Local/stm32cube/bundles/gnu-tools-for-stm32/13.3.1+st.9/bin/../lib/gcc/arm-none-eabi/13.3.1/thumb/v7-m/nofp\libgcc.a(_arm_addsubdf3.o)
                0x08000150                __aeabi_drsub
                0x08000158                __aeabi_dsub
                0x08000158                __subdf3
                0x0800015c                __aeabi_dadd
                0x0800015c                __adddf3
                0x080003d4                __floatunsidf
                0x080003d4                __aeabi_ui2d
                0x080003f4                __floatsidf
                0x080003f4                __aeabi_i2d
                0x08000418                __aeabi_f2d
                0x08000418                __extendsfdf2
                0x0800045c                __floatundidf
                0x0800045c                __aeabi_ul2d
                0x0800046c                __floatdidf
                0x0800046c                __aeabi_l2d
 .text          0x080004c8      0x424 C:/Users/hgl/AppData/Local/stm32cube/bundles/gnu-tools-for-stm32/13.3.1+st.9/bin/../lib/gcc/arm-none-eabi/13.3.1/thumb/v7-m/nofp\libgcc.a(_arm_muldivdf3.o)
                0x080004c8                __aeabi_dmul
                0x080004c8                __muldf3
                0x0800071c                __divdf3
                0x0800071c                __aeabi_ddiv
 .text          0x080008ec      0x110 C:/Users/hgl/AppData/Local/stm32cube/bundles/gnu-tools-for-stm32/13.3.1+st.9/bin/../lib/gcc/arm-none-eabi/13.3.1/thumb/v7-m/nofp\libgcc.a(_arm_cmpdf2.o)
                0x080008ec                __gtdf2
                0x080008ec                __gedf2
                0x080008f4                __ltdf2
                0x080008f4                __ledf2
                0x080008fc                __nedf2
                0x080008fc                __eqdf2
                0x080008fc                __cmpdf2
                0x08000978                __aeabi_cdrcmple
                0x08000988                __aeabi_cdcmpeq
                0x08000988                __aeabi_cdcmple
                0x08000998                __aeabi_dcmpeq
                0x080009ac                __aeabi_dcmplt
                0x080009c0                __aeabi_dcmple
                0x080009d4                __aeabi_dcmpge
                0x080009e8                __aeabi_dcmpgt
 .text          0x080009fc       0x40 C:/Users/hgl/AppData/Local/stm32cube/bundles/gnu-tools-for-stm32/13.3.1+st.9/bin/../lib/gcc/arm-none-eabi/13.3.1/thumb/v7-m/nofp\libgcc.a(_arm_fixunsdfsi.o)
                0x080009fc                __aeabi_d2uiz
                0x080009fc                __fixunsdfsi
 .text          0x08000a3c      0x21c C:/Users/hgl/AppData/Local/stm32cube/bundles/gnu-tools-for-stm32/13.3.1+st.9/bin/../lib/gcc/arm-none-eabi/13.3.1/thumb/v7-m/nofp\libgcc.a(_arm_addsubsf3.o)
                0x08000a3c                __aeabi_frsub
                0x08000a44                __subsf3
                0x08000a44                __aeabi_fsub
                0x08000a48                __aeabi_fadd
                0x08000a48                __addsf3
                0x08000ba8                __aeabi_ui2f
                0x08000ba8                __floatunsisf
                0x08000bb0                __aeabi_i2f
                0x08000bb0                __floatsisf
                0x08000bcc                __aeabi_ul2f
                0x08000bcc                __floatundisf
                0x08000bdc                __aeabi_l2f
                0x08000bdc                __floatdisf
 .text          0x08000c58      0x2a0 C:/Users/hgl/AppData/Local/stm32cube/bundles/gnu-tools-for-stm32/13.3.1+st.9/bin/../lib/gcc/arm-none-eabi/13.3.1/thumb/v7-m/nofp\libgcc.a(_arm_muldivsf3.o)
                0x08000c58                __mulsf3
                0x08000c58                __aeabi_fmul
                0x08000dc0                __aeabi_fdiv
                0x08000dc0                __divsf3
 *(.text*)
 .text.memset   0x08000ef8       0x10 C:/Users/hgl/AppData/Local/stm32cube/bundles/gnu-tools-for-stm32/13.3.1+st.9/bin/../lib/gcc/arm-none-eabi/13.3.1/../../../../arm-none-eabi/lib/thumb/v7-m/nofp\libc_nano.a(libc_a-memset.o)
                0x08000ef8                memset
 .text.__libc_init_array
                0x08000f08       0x48 C:/Users/hgl/AppData/Local/stm32cube/bundles/gnu-tools-for-stm32/13.3.1+st.9/bin/../lib/gcc/arm-none-eabi/13.3.1/../../../../arm-none-eabi/lib/thumb/v7-m/nofp\libc_nano.a(libc_a-init.o)
                0x08000f08                __libc_init_array
 .text.SystemInit
                0x08000f50        0xc cmake/stm32cubemx/CMakeFiles/STM32_Drivers.dir/__/__/Core/Src/system_stm32f1xx.c.obj
                0x08000f50                SystemInit
 .text.HAL_Init
                0x08000f5c       0x2c cmake/stm32cubemx/CMakeFiles/STM32_Drivers.dir/__/__/Drivers/STM32F1xx_HAL_Driver/Src/stm32f1xx_hal.c.obj
                0x08000f5c                HAL_Init
 .text.HAL_InitTick
                0x08000f88       0x60 cmake/stm32cubemx/CMakeFiles/STM32_Drivers.dir/__/__/Drivers/STM32F1xx_HAL_Driver/Src/stm32f1xx_hal.c.obj
                0x08000f88                HAL_InitTick
 .text.HAL_IncTick
                0x08000fe8       0x24 cmake/stm32cubemx/CMakeFiles/STM32_Drivers.dir/__/__/Drivers/STM32F1xx_HAL_Driver/Src/stm32f1xx_hal.c.obj
                0x08000fe8                HAL_IncTick
 .text.HAL_GetTick
                0x0800100c       0x14 cmake/stm32cubemx/CMakeFiles/STM32_Drivers.dir/__/__/Drivers/STM32F1xx_HAL_Driver/Src/stm32f1xx_hal.c.obj
                0x0800100c                HAL_GetTick
 .text.HAL_Delay
                0x08001020       0x48 cmake/stm32cubemx/CMakeFiles/STM32_Drivers.dir/__/__/Drivers/STM32F1xx_HAL_Driver/Src/stm32f1xx_hal.c.obj
                0x08001020                HAL_Delay
 .text.HAL_RCC_OscConfig
                0x08001068      0x504 cmake/stm32cubemx/CMakeFiles/STM32_Drivers.dir/__/__/Drivers/STM32F1xx_HAL_Driver/Src/stm32f1xx_hal_rcc.c.obj
                0x08001068                HAL_RCC_OscConfig
 .text.HAL_RCC_ClockConfig
                0x0800156c      0x1d4 cmake/stm32cubemx/CMakeFiles/STM32_Drivers.dir/__/__/Drivers/STM32F1xx_HAL_Driver/Src/stm32f1xx_hal_rcc.c.obj
                0x0800156c                HAL_RCC_ClockConfig
 .text.HAL_RCC_GetSysClockFreq
                0x08001740       0xa8 cmake/stm32cubemx/CMakeFiles/STM32_Drivers.dir/__/__/Drivers/STM32F1xx_HAL_Driver/Src/stm32f1xx_hal_rcc.c.obj
                0x08001740                HAL_RCC_GetSysClockFreq
 .text.HAL_RCC_GetHCLKFreq
                0x080017e8       0x14 cmake/stm32cubemx/CMakeFiles/STM32_Drivers.dir/__/__/Drivers/STM32F1xx_HAL_Driver/Src/stm32f1xx_hal_rcc.c.obj
                0x080017e8                HAL_RCC_GetHCLKFreq
 .text.HAL_RCC_GetPCLK1Freq
                0x080017fc       0x28 cmake/stm32cubemx/CMakeFiles/STM32_Drivers.dir/__/__/Drivers/STM32F1xx_HAL_Driver/Src/stm32f1xx_hal_rcc.c.obj
                0x080017fc                HAL_RCC_GetPCLK1Freq
 .text.HAL_RCC_GetPCLK2Freq
                0x08001824       0x28 cmake/stm32cubemx/CMakeFiles/STM32_Drivers.dir/__/__/Drivers/STM32F1xx_HAL_Driver/Src/stm32f1xx_hal_rcc.c.obj
                0x08001824                HAL_RCC_GetPCLK2Freq
 .text.RCC_Delay
                0x0800184c       0x3c cmake/stm32cubemx/CMakeFiles/STM32_Drivers.dir/__/__/Drivers/STM32F1xx_HAL_Driver/Src/stm32f1xx_hal_rcc.c.obj
 .text.HAL_GPIO_Init
                0x08001888      0x308 cmake/stm32cubemx/CMakeFiles/STM32_Drivers.dir/__/__/Drivers/STM32F1xx_HAL_Driver/Src/stm32f1xx_hal_gpio.c.obj
                0x08001888                HAL_GPIO_Init
 .text.HAL_GPIO_ReadPin
                0x08001b90       0x2e cmake/stm32cubemx/CMakeFiles/STM32_Drivers.dir/__/__/Drivers/STM32F1xx_HAL_Driver/Src/stm32f1xx_hal_gpio.c.obj
                0x08001b90                HAL_GPIO_ReadPin
 .text.HAL_GPIO_WritePin
                0x08001bbe       0x30 cmake/stm32cubemx/CMakeFiles/STM32_Drivers.dir/__/__/Drivers/STM32F1xx_HAL_Driver/Src/stm32f1xx_hal_gpio.c.obj
                0x08001bbe                HAL_GPIO_WritePin
 .text.HAL_DMA_Abort
                0x08001bee       0x76 cmake/stm32cubemx/CMakeFiles/STM32_Drivers.dir/__/__/Drivers/STM32F1xx_HAL_Driver/Src/stm32f1xx_hal_dma.c.obj
                0x08001bee                HAL_DMA_Abort
 .text.HAL_DMA_Abort_IT
                0x08001c64       0xf0 cmake/stm32cubemx/CMakeFiles/STM32_Drivers.dir/__/__/Drivers/STM32F1xx_HAL_Driver/Src/stm32f1xx_hal_dma.c.obj
                0x08001c64                HAL_DMA_Abort_IT
 .text.__NVIC_SetPriorityGrouping
                0x08001d54       0x48 cmake/stm32cubemx/CMakeFiles/STM32_Drivers.dir/__/__/Drivers/STM32F1xx_HAL_Driver/Src/stm32f1xx_hal_cortex.c.obj
 .text.__NVIC_GetPriorityGrouping
                0x08001d9c       0x1c cmake/stm32cubemx/CMakeFiles/STM32_Drivers.dir/__/__/Drivers/STM32F1xx_HAL_Driver/Src/stm32f1xx_hal_cortex.c.obj
 .text.__NVIC_EnableIRQ
                0x08001db8       0x38 cmake/stm32cubemx/CMakeFiles/STM32_Drivers.dir/__/__/Drivers/STM32F1xx_HAL_Driver/Src/stm32f1xx_hal_cortex.c.obj
 .text.__NVIC_SetPriority
                0x08001df0       0x54 cmake/stm32cubemx/CMakeFiles/STM32_Drivers.dir/__/__/Drivers/STM32F1xx_HAL_Driver/Src/stm32f1xx_hal_cortex.c.obj
 .text.NVIC_EncodePriority
                0x08001e44       0x64 cmake/stm32cubemx/CMakeFiles/STM32_Drivers.dir/__/__/Drivers/STM32F1xx_HAL_Driver/Src/stm32f1xx_hal_cortex.c.obj
 .text.SysTick_Config
                0x08001ea8       0x44 cmake/stm32cubemx/CMakeFiles/STM32_Drivers.dir/__/__/Drivers/STM32F1xx_HAL_Driver/Src/stm32f1xx_hal_cortex.c.obj
 .text.HAL_NVIC_SetPriorityGrouping
                0x08001eec       0x16 cmake/stm32cubemx/CMakeFiles/STM32_Drivers.dir/__/__/Drivers/STM32F1xx_HAL_Driver/Src/stm32f1xx_hal_cortex.c.obj
                0x08001eec                HAL_NVIC_SetPriorityGrouping
 .text.HAL_NVIC_SetPriority
                0x08001f02       0x38 cmake/stm32cubemx/CMakeFiles/STM32_Drivers.dir/__/__/Drivers/STM32F1xx_HAL_Driver/Src/stm32f1xx_hal_cortex.c.obj
                0x08001f02                HAL_NVIC_SetPriority
 .text.HAL_NVIC_EnableIRQ
                0x08001f3a       0x1c cmake/stm32cubemx/CMakeFiles/STM32_Drivers.dir/__/__/Drivers/STM32F1xx_HAL_Driver/Src/stm32f1xx_hal_cortex.c.obj
                0x08001f3a                HAL_NVIC_EnableIRQ
 .text.HAL_SYSTICK_Config
                0x08001f56       0x18 cmake/stm32cubemx/CMakeFiles/STM32_Drivers.dir/__/__/Drivers/STM32F1xx_HAL_Driver/Src/stm32f1xx_hal_cortex.c.obj
                0x08001f56                HAL_SYSTICK_Config
 .text.HAL_TIM_Base_Init
                0x08001f6e       0x9e cmake/stm32cubemx/CMakeFiles/STM32_Drivers.dir/__/__/Drivers/STM32F1xx_HAL_Driver/Src/stm32f1xx_hal_tim.c.obj
                0x08001f6e                HAL_TIM_Base_Init
 .text.HAL_TIM_OC_Init
                0x0800200c       0x9e cmake/stm32cubemx/CMakeFiles/STM32_Drivers.dir/__/__/Drivers/STM32F1xx_HAL_Driver/Src/stm32f1xx_hal_tim.c.obj
                0x0800200c                HAL_TIM_OC_Init
 .text.HAL_TIM_OC_MspInit
                0x080020aa       0x12 cmake/stm32cubemx/CMakeFiles/STM32_Drivers.dir/__/__/Drivers/STM32F1xx_HAL_Driver/Src/stm32f1xx_hal_tim.c.obj
                0x080020aa                HAL_TIM_OC_MspInit
 .text.HAL_TIM_PWM_Init
                0x080020bc       0x9e cmake/stm32cubemx/CMakeFiles/STM32_Drivers.dir/__/__/Drivers/STM32F1xx_HAL_Driver/Src/stm32f1xx_hal_tim.c.obj
                0x080020bc                HAL_TIM_PWM_Init
 .text.HAL_TIM_PWM_MspInit
                0x0800215a       0x12 cmake/stm32cubemx/CMakeFiles/STM32_Drivers.dir/__/__/Drivers/STM32F1xx_HAL_Driver/Src/stm32f1xx_hal_tim.c.obj
                0x0800215a                HAL_TIM_PWM_MspInit
 .text.HAL_TIM_PWM_Start
                0x0800216c      0x144 cmake/stm32cubemx/CMakeFiles/STM32_Drivers.dir/__/__/Drivers/STM32F1xx_HAL_Driver/Src/stm32f1xx_hal_tim.c.obj
                0x0800216c                HAL_TIM_PWM_Start
 .text.HAL_TIM_OC_ConfigChannel
                0x080022b0       0xb8 cmake/stm32cubemx/CMakeFiles/STM32_Drivers.dir/__/__/Drivers/STM32F1xx_HAL_Driver/Src/stm32f1xx_hal_tim.c.obj
                0x080022b0                HAL_TIM_OC_ConfigChannel
 .text.HAL_TIM_PWM_ConfigChannel
                0x08002368      0x184 cmake/stm32cubemx/CMakeFiles/STM32_Drivers.dir/__/__/Drivers/STM32F1xx_HAL_Driver/Src/stm32f1xx_hal_tim.c.obj
                0x08002368                HAL_TIM_PWM_ConfigChannel
 .text.HAL_TIM_ConfigClockSource
                0x080024ec      0x18e cmake/stm32cubemx/CMakeFiles/STM32_Drivers.dir/__/__/Drivers/STM32F1xx_HAL_Driver/Src/stm32f1xx_hal_tim.c.obj
                0x080024ec                HAL_TIM_ConfigClockSource
 *fill*         0x0800267a        0x2 
 .text.TIM_Base_SetConfig
                0x0800267c       0xdc cmake/stm32cubemx/CMakeFiles/STM32_Drivers.dir/__/__/Drivers/STM32F1xx_HAL_Driver/Src/stm32f1xx_hal_tim.c.obj
                0x0800267c                TIM_Base_SetConfig
 .text.TIM_OC1_SetConfig
                0x08002758       0xcc cmake/stm32cubemx/CMakeFiles/STM32_Drivers.dir/__/__/Drivers/STM32F1xx_HAL_Driver/Src/stm32f1xx_hal_tim.c.obj
 .text.TIM_OC2_SetConfig
                0x08002824       0xd4 cmake/stm32cubemx/CMakeFiles/STM32_Drivers.dir/__/__/Drivers/STM32F1xx_HAL_Driver/Src/stm32f1xx_hal_tim.c.obj
                0x08002824                TIM_OC2_SetConfig
 .text.TIM_OC3_SetConfig
                0x080028f8       0xd4 cmake/stm32cubemx/CMakeFiles/STM32_Drivers.dir/__/__/Drivers/STM32F1xx_HAL_Driver/Src/stm32f1xx_hal_tim.c.obj
 .text.TIM_OC4_SetConfig
                0x080029cc       0x9c cmake/stm32cubemx/CMakeFiles/STM32_Drivers.dir/__/__/Drivers/STM32F1xx_HAL_Driver/Src/stm32f1xx_hal_tim.c.obj
 .text.TIM_TI1_ConfigInputStage
                0x08002a68       0x5c cmake/stm32cubemx/CMakeFiles/STM32_Drivers.dir/__/__/Drivers/STM32F1xx_HAL_Driver/Src/stm32f1xx_hal_tim.c.obj
 .text.TIM_TI2_ConfigInputStage
                0x08002ac4       0x5e cmake/stm32cubemx/CMakeFiles/STM32_Drivers.dir/__/__/Drivers/STM32F1xx_HAL_Driver/Src/stm32f1xx_hal_tim.c.obj
 .text.TIM_ITRx_SetConfig
                0x08002b22       0x34 cmake/stm32cubemx/CMakeFiles/STM32_Drivers.dir/__/__/Drivers/STM32F1xx_HAL_Driver/Src/stm32f1xx_hal_tim.c.obj
 .text.TIM_ETR_SetConfig
                0x08002b56       0x3e cmake/stm32cubemx/CMakeFiles/STM32_Drivers.dir/__/__/Drivers/STM32F1xx_HAL_Driver/Src/stm32f1xx_hal_tim.c.obj
                0x08002b56                TIM_ETR_SetConfig
 .text.TIM_CCxChannelCmd
                0x08002b94       0x48 cmake/stm32cubemx/CMakeFiles/STM32_Drivers.dir/__/__/Drivers/STM32F1xx_HAL_Driver/Src/stm32f1xx_hal_tim.c.obj
                0x08002b94                TIM_CCxChannelCmd
 .text.HAL_TIMEx_MasterConfigSynchronization
                0x08002bdc       0xbc cmake/stm32cubemx/CMakeFiles/STM32_Drivers.dir/__/__/Drivers/STM32F1xx_HAL_Driver/Src/stm32f1xx_hal_tim_ex.c.obj
                0x08002bdc                HAL_TIMEx_MasterConfigSynchronization
 .text.HAL_TIMEx_ConfigBreakDeadTime
                0x08002c98       0xa2 cmake/stm32cubemx/CMakeFiles/STM32_Drivers.dir/__/__/Drivers/STM32F1xx_HAL_Driver/Src/stm32f1xx_hal_tim_ex.c.obj
                0x08002c98                HAL_TIMEx_ConfigBreakDeadTime
 .text.HAL_UART_Init
                0x08002d3a       0xa0 cmake/stm32cubemx/CMakeFiles/STM32_Drivers.dir/__/__/Drivers/STM32F1xx_HAL_Driver/Src/stm32f1xx_hal_uart.c.obj
                0x08002d3a                HAL_UART_Init
 .text.HAL_UART_Receive_IT
                0x08002dda       0x4a cmake/stm32cubemx/CMakeFiles/STM32_Drivers.dir/__/__/Drivers/STM32F1xx_HAL_Driver/Src/stm32f1xx_hal_uart.c.obj
                0x08002dda                HAL_UART_Receive_IT
 .text.HAL_UART_IRQHandler
                0x08002e24      0x524 cmake/stm32cubemx/CMakeFiles/STM32_Drivers.dir/__/__/Drivers/STM32F1xx_HAL_Driver/Src/stm32f1xx_hal_uart.c.obj
                0x08002e24                HAL_UART_IRQHandler
 .text.HAL_UART_TxCpltCallback
                0x08003348       0x12 cmake/stm32cubemx/CMakeFiles/STM32_Drivers.dir/__/__/Drivers/STM32F1xx_HAL_Driver/Src/stm32f1xx_hal_uart.c.obj
                0x08003348                HAL_UART_TxCpltCallback
 .text.HAL_UART_ErrorCallback
                0x0800335a       0x12 cmake/stm32cubemx/CMakeFiles/STM32_Drivers.dir/__/__/Drivers/STM32F1xx_HAL_Driver/Src/stm32f1xx_hal_uart.c.obj
                0x0800335a                HAL_UART_ErrorCallback
 .text.HAL_UARTEx_RxEventCallback
                0x0800336c       0x16 cmake/stm32cubemx/CMakeFiles/STM32_Drivers.dir/__/__/Drivers/STM32F1xx_HAL_Driver/Src/stm32f1xx_hal_uart.c.obj
                0x0800336c                HAL_UARTEx_RxEventCallback
 .text.UART_Start_Receive_IT
                0x08003382       0x72 cmake/stm32cubemx/CMakeFiles/STM32_Drivers.dir/__/__/Drivers/STM32F1xx_HAL_Driver/Src/stm32f1xx_hal_uart.c.obj
                0x08003382                UART_Start_Receive_IT
 .text.UART_EndRxTransfer
                0x080033f4       0xc4 cmake/stm32cubemx/CMakeFiles/STM32_Drivers.dir/__/__/Drivers/STM32F1xx_HAL_Driver/Src/stm32f1xx_hal_uart.c.obj
 .text.UART_DMAAbortOnError
                0x080034b8       0x28 cmake/stm32cubemx/CMakeFiles/STM32_Drivers.dir/__/__/Drivers/STM32F1xx_HAL_Driver/Src/stm32f1xx_hal_uart.c.obj
 .text.UART_Transmit_IT
                0x080034e0       0x9e cmake/stm32cubemx/CMakeFiles/STM32_Drivers.dir/__/__/Drivers/STM32F1xx_HAL_Driver/Src/stm32f1xx_hal_uart.c.obj
 .text.UART_EndTransmit_IT
                0x0800357e       0x30 cmake/stm32cubemx/CMakeFiles/STM32_Drivers.dir/__/__/Drivers/STM32F1xx_HAL_Driver/Src/stm32f1xx_hal_uart.c.obj
 .text.UART_Receive_IT
                0x080035ae      0x17c cmake/stm32cubemx/CMakeFiles/STM32_Drivers.dir/__/__/Drivers/STM32F1xx_HAL_Driver/Src/stm32f1xx_hal_uart.c.obj
 *fill*         0x0800372a        0x2 
 .text.UART_SetConfig
                0x0800372c      0x11c cmake/stm32cubemx/CMakeFiles/STM32_Drivers.dir/__/__/Drivers/STM32F1xx_HAL_Driver/Src/stm32f1xx_hal_uart.c.obj
 .text.vListInitialise
                0x08003848       0x3e cmake/stm32cubemx/CMakeFiles/FreeRTOS.dir/__/__/Middlewares/Third_Party/FreeRTOS/Source/list.c.obj
                0x08003848                vListInitialise
 .text.vListInitialiseItem
                0x08003886       0x18 cmake/stm32cubemx/CMakeFiles/FreeRTOS.dir/__/__/Middlewares/Third_Party/FreeRTOS/Source/list.c.obj
                0x08003886                vListInitialiseItem
 .text.vListInsertEnd
                0x0800389e       0x46 cmake/stm32cubemx/CMakeFiles/FreeRTOS.dir/__/__/Middlewares/Third_Party/FreeRTOS/Source/list.c.obj
                0x0800389e                vListInsertEnd
 .text.vListInsert
                0x080038e4       0x70 cmake/stm32cubemx/CMakeFiles/FreeRTOS.dir/__/__/Middlewares/Third_Party/FreeRTOS/Source/list.c.obj
                0x080038e4                vListInsert
 .text.uxListRemove
                0x08003954       0x52 cmake/stm32cubemx/CMakeFiles/FreeRTOS.dir/__/__/Middlewares/Third_Party/FreeRTOS/Source/list.c.obj
                0x08003954                uxListRemove
 *fill*         0x080039a6        0x2 
 .text.xQueueGenericReset
                0x080039a8       0xd4 cmake/stm32cubemx/CMakeFiles/FreeRTOS.dir/__/__/Middlewares/Third_Party/FreeRTOS/Source/queue.c.obj
                0x080039a8                xQueueGenericReset
 .text.xQueueGenericCreateStatic
                0x08003a7c       0xfa cmake/stm32cubemx/CMakeFiles/FreeRTOS.dir/__/__/Middlewares/Third_Party/FreeRTOS/Source/queue.c.obj
                0x08003a7c                xQueueGenericCreateStatic
 .text.xQueueGenericCreate
                0x08003b76       0x76 cmake/stm32cubemx/CMakeFiles/FreeRTOS.dir/__/__/Middlewares/Third_Party/FreeRTOS/Source/queue.c.obj
                0x08003b76                xQueueGenericCreate
 .text.prvInitialiseNewQueue
                0x08003bec       0x46 cmake/stm32cubemx/CMakeFiles/FreeRTOS.dir/__/__/Middlewares/Third_Party/FreeRTOS/Source/queue.c.obj
 .text.prvInitialiseMutex
                0x08003c32       0x34 cmake/stm32cubemx/CMakeFiles/FreeRTOS.dir/__/__/Middlewares/Third_Party/FreeRTOS/Source/queue.c.obj
 .text.xQueueCreateMutex
                0x08003c66       0x30 cmake/stm32cubemx/CMakeFiles/FreeRTOS.dir/__/__/Middlewares/Third_Party/FreeRTOS/Source/queue.c.obj
                0x08003c66                xQueueCreateMutex
 *fill*         0x08003c96        0x2 
 .text.xQueueGenericSend
                0x08003c98      0x204 cmake/stm32cubemx/CMakeFiles/FreeRTOS.dir/__/__/Middlewares/Third_Party/FreeRTOS/Source/queue.c.obj
                0x08003c98                xQueueGenericSend
 .text.xQueueGenericSendFromISR
                0x08003e9c      0x13c cmake/stm32cubemx/CMakeFiles/FreeRTOS.dir/__/__/Middlewares/Third_Party/FreeRTOS/Source/queue.c.obj
                0x08003e9c                xQueueGenericSendFromISR
 .text.xQueueReceive
                0x08003fd8      0x1c4 cmake/stm32cubemx/CMakeFiles/FreeRTOS.dir/__/__/Middlewares/Third_Party/FreeRTOS/Source/queue.c.obj
                0x08003fd8                xQueueReceive
 .text.prvCopyDataToQueue
                0x0800419c       0xd4 cmake/stm32cubemx/CMakeFiles/FreeRTOS.dir/__/__/Middlewares/Third_Party/FreeRTOS/Source/queue.c.obj
 .text.prvCopyDataFromQueue
                0x08004270       0x4c cmake/stm32cubemx/CMakeFiles/FreeRTOS.dir/__/__/Middlewares/Third_Party/FreeRTOS/Source/queue.c.obj
 .text.prvUnlockQueue
                0x080042bc       0xa4 cmake/stm32cubemx/CMakeFiles/FreeRTOS.dir/__/__/Middlewares/Third_Party/FreeRTOS/Source/queue.c.obj
 .text.prvIsQueueEmpty
                0x08004360       0x2c cmake/stm32cubemx/CMakeFiles/FreeRTOS.dir/__/__/Middlewares/Third_Party/FreeRTOS/Source/queue.c.obj
 .text.prvIsQueueFull
                0x0800438c       0x30 cmake/stm32cubemx/CMakeFiles/FreeRTOS.dir/__/__/Middlewares/Third_Party/FreeRTOS/Source/queue.c.obj
 .text.vQueueAddToRegistry
                0x080043bc       0x50 cmake/stm32cubemx/CMakeFiles/FreeRTOS.dir/__/__/Middlewares/Third_Party/FreeRTOS/Source/queue.c.obj
                0x080043bc                vQueueAddToRegistry
 .text.vQueueWaitForMessageRestricted
                0x0800440c       0x68 cmake/stm32cubemx/CMakeFiles/FreeRTOS.dir/__/__/Middlewares/Third_Party/FreeRTOS/Source/queue.c.obj
                0x0800440c                vQueueWaitForMessageRestricted
 .text.xTaskCreateStatic
                0x08004474       0xc0 cmake/stm32cubemx/CMakeFiles/FreeRTOS.dir/__/__/Middlewares/Third_Party/FreeRTOS/Source/tasks.c.obj
                0x08004474                xTaskCreateStatic
 .text.xTaskCreate
                0x08004534       0x8a cmake/stm32cubemx/CMakeFiles/FreeRTOS.dir/__/__/Middlewares/Third_Party/FreeRTOS/Source/tasks.c.obj
                0x08004534                xTaskCreate
 .text.prvInitialiseNewTask
                0x080045be      0x120 cmake/stm32cubemx/CMakeFiles/FreeRTOS.dir/__/__/Middlewares/Third_Party/FreeRTOS/Source/tasks.c.obj
 *fill*         0x080046de        0x2 
 .text.prvAddNewTaskToReadyList
                0x080046e0       0xe0 cmake/stm32cubemx/CMakeFiles/FreeRTOS.dir/__/__/Middlewares/Third_Party/FreeRTOS/Source/tasks.c.obj
 .text.vTaskDelay
                0x080047c0       0x6c cmake/stm32cubemx/CMakeFiles/FreeRTOS.dir/__/__/Middlewares/Third_Party/FreeRTOS/Source/tasks.c.obj
                0x080047c0                vTaskDelay
 .text.vTaskStartScheduler
                0x0800482c       0xd0 cmake/stm32cubemx/CMakeFiles/FreeRTOS.dir/__/__/Middlewares/Third_Party/FreeRTOS/Source/tasks.c.obj
                0x0800482c                vTaskStartScheduler
 .text.vTaskSuspendAll
                0x080048fc       0x1c cmake/stm32cubemx/CMakeFiles/FreeRTOS.dir/__/__/Middlewares/Third_Party/FreeRTOS/Source/tasks.c.obj
                0x080048fc                vTaskSuspendAll
 .text.xTaskResumeAll
                0x08004918      0x13c cmake/stm32cubemx/CMakeFiles/FreeRTOS.dir/__/__/Middlewares/Third_Party/FreeRTOS/Source/tasks.c.obj
                0x08004918                xTaskResumeAll
 .text.xTaskGetTickCount
                0x08004a54       0x1c cmake/stm32cubemx/CMakeFiles/FreeRTOS.dir/__/__/Middlewares/Third_Party/FreeRTOS/Source/tasks.c.obj
                0x08004a54                xTaskGetTickCount
 .text.xTaskIncrementTick
                0x08004a70      0x174 cmake/stm32cubemx/CMakeFiles/FreeRTOS.dir/__/__/Middlewares/Third_Party/FreeRTOS/Source/tasks.c.obj
                0x08004a70                xTaskIncrementTick
 .text.vTaskSwitchContext
                0x08004be4       0xbc cmake/stm32cubemx/CMakeFiles/FreeRTOS.dir/__/__/Middlewares/Third_Party/FreeRTOS/Source/tasks.c.obj
                0x08004be4                vTaskSwitchContext
 .text.vTaskPlaceOnEventList
                0x08004ca0       0x4c cmake/stm32cubemx/CMakeFiles/FreeRTOS.dir/__/__/Middlewares/Third_Party/FreeRTOS/Source/tasks.c.obj
                0x08004ca0                vTaskPlaceOnEventList
 .text.vTaskPlaceOnEventListRestricted
                0x08004cec       0x58 cmake/stm32cubemx/CMakeFiles/FreeRTOS.dir/__/__/Middlewares/Third_Party/FreeRTOS/Source/tasks.c.obj
                0x08004cec                vTaskPlaceOnEventListRestricted
 .text.xTaskRemoveFromEventList
                0x08004d44       0xc8 cmake/stm32cubemx/CMakeFiles/FreeRTOS.dir/__/__/Middlewares/Third_Party/FreeRTOS/Source/tasks.c.obj
                0x08004d44                xTaskRemoveFromEventList
 .text.vTaskInternalSetTimeOutState
                0x08004e0c       0x2c cmake/stm32cubemx/CMakeFiles/FreeRTOS.dir/__/__/Middlewares/Third_Party/FreeRTOS/Source/tasks.c.obj
                0x08004e0c                vTaskInternalSetTimeOutState
 .text.xTaskCheckForTimeOut
                0x08004e38       0xc8 cmake/stm32cubemx/CMakeFiles/FreeRTOS.dir/__/__/Middlewares/Third_Party/FreeRTOS/Source/tasks.c.obj
                0x08004e38                xTaskCheckForTimeOut
 .text.vTaskMissedYield
                0x08004f00       0x18 cmake/stm32cubemx/CMakeFiles/FreeRTOS.dir/__/__/Middlewares/Third_Party/FreeRTOS/Source/tasks.c.obj
                0x08004f00                vTaskMissedYield
 .text.prvIdleTask
                0x08004f18       0x30 cmake/stm32cubemx/CMakeFiles/FreeRTOS.dir/__/__/Middlewares/Third_Party/FreeRTOS/Source/tasks.c.obj
 .text.prvInitialiseTaskLists
                0x08004f48       0x80 cmake/stm32cubemx/CMakeFiles/FreeRTOS.dir/__/__/Middlewares/Third_Party/FreeRTOS/Source/tasks.c.obj
 .text.prvCheckTasksWaitingTermination
                0x08004fc8       0x5c cmake/stm32cubemx/CMakeFiles/FreeRTOS.dir/__/__/Middlewares/Third_Party/FreeRTOS/Source/tasks.c.obj
 .text.prvDeleteTCB
                0x08005024       0x60 cmake/stm32cubemx/CMakeFiles/FreeRTOS.dir/__/__/Middlewares/Third_Party/FreeRTOS/Source/tasks.c.obj
 .text.prvResetNextTaskUnblockTime
                0x08005084       0x40 cmake/stm32cubemx/CMakeFiles/FreeRTOS.dir/__/__/Middlewares/Third_Party/FreeRTOS/Source/tasks.c.obj
 .text.xTaskGetSchedulerState
                0x080050c4       0x3c cmake/stm32cubemx/CMakeFiles/FreeRTOS.dir/__/__/Middlewares/Third_Party/FreeRTOS/Source/tasks.c.obj
                0x080050c4                xTaskGetSchedulerState
 .text.xTaskPriorityDisinherit
                0x08005100       0xe0 cmake/stm32cubemx/CMakeFiles/FreeRTOS.dir/__/__/Middlewares/Third_Party/FreeRTOS/Source/tasks.c.obj
                0x08005100                xTaskPriorityDisinherit
 .text.ulTaskNotifyTake
                0x080051e0       0x90 cmake/stm32cubemx/CMakeFiles/FreeRTOS.dir/__/__/Middlewares/Third_Party/FreeRTOS/Source/tasks.c.obj
                0x080051e0                ulTaskNotifyTake
 .text.xTaskGenericNotify
                0x08005270      0x174 cmake/stm32cubemx/CMakeFiles/FreeRTOS.dir/__/__/Middlewares/Third_Party/FreeRTOS/Source/tasks.c.obj
                0x08005270                xTaskGenericNotify
 .text.prvAddCurrentTaskToDelayedList
                0x080053e4       0xa8 cmake/stm32cubemx/CMakeFiles/FreeRTOS.dir/__/__/Middlewares/Third_Party/FreeRTOS/Source/tasks.c.obj
 .text.xTimerCreateTimerTask
                0x0800548c       0x94 cmake/stm32cubemx/CMakeFiles/FreeRTOS.dir/__/__/Middlewares/Third_Party/FreeRTOS/Source/timers.c.obj
                0x0800548c                xTimerCreateTimerTask
 .text.xTimerGenericCommand
                0x08005520       0x9c cmake/stm32cubemx/CMakeFiles/FreeRTOS.dir/__/__/Middlewares/Third_Party/FreeRTOS/Source/timers.c.obj
                0x08005520                xTimerGenericCommand
 .text.prvProcessExpiredTimer
                0x080055bc       0x9c cmake/stm32cubemx/CMakeFiles/FreeRTOS.dir/__/__/Middlewares/Third_Party/FreeRTOS/Source/timers.c.obj
 .text.prvTimerTask
                0x08005658       0x26 cmake/stm32cubemx/CMakeFiles/FreeRTOS.dir/__/__/Middlewares/Third_Party/FreeRTOS/Source/timers.c.obj
 *fill*         0x0800567e        0x2 
 .text.prvProcessTimerOrBlockTask
                0x08005680       0x9c cmake/stm32cubemx/CMakeFiles/FreeRTOS.dir/__/__/Middlewares/Third_Party/FreeRTOS/Source/timers.c.obj
 .text.prvGetNextExpireTime
                0x0800571c       0x44 cmake/stm32cubemx/CMakeFiles/FreeRTOS.dir/__/__/Middlewares/Third_Party/FreeRTOS/Source/timers.c.obj
 .text.prvSampleTimeNow
                0x08005760       0x40 cmake/stm32cubemx/CMakeFiles/FreeRTOS.dir/__/__/Middlewares/Third_Party/FreeRTOS/Source/timers.c.obj
 .text.prvInsertTimerInActiveList
                0x080057a0       0x84 cmake/stm32cubemx/CMakeFiles/FreeRTOS.dir/__/__/Middlewares/Third_Party/FreeRTOS/Source/timers.c.obj
 .text.prvProcessReceivedCommands
                0x08005824      0x1cc cmake/stm32cubemx/CMakeFiles/FreeRTOS.dir/__/__/Middlewares/Third_Party/FreeRTOS/Source/timers.c.obj
 .text.prvSwitchTimerLists
                0x080059f0       0xcc cmake/stm32cubemx/CMakeFiles/FreeRTOS.dir/__/__/Middlewares/Third_Party/FreeRTOS/Source/timers.c.obj
 .text.prvCheckForValidListAndQueue
                0x08005abc       0x80 cmake/stm32cubemx/CMakeFiles/FreeRTOS.dir/__/__/Middlewares/Third_Party/FreeRTOS/Source/timers.c.obj
 .text.__NVIC_SetPriority
                0x08005b3c       0x54 cmake/stm32cubemx/CMakeFiles/FreeRTOS.dir/__/__/Middlewares/Third_Party/FreeRTOS/Source/CMSIS_RTOS_V2/cmsis_os2.c.obj
 .text.SVC_Setup
                0x08005b90       0x12 cmake/stm32cubemx/CMakeFiles/FreeRTOS.dir/__/__/Middlewares/Third_Party/FreeRTOS/Source/CMSIS_RTOS_V2/cmsis_os2.c.obj
 *fill*         0x08005ba2        0x2 
 .text.osKernelInitialize
                0x08005ba4       0x44 cmake/stm32cubemx/CMakeFiles/FreeRTOS.dir/__/__/Middlewares/Third_Party/FreeRTOS/Source/CMSIS_RTOS_V2/cmsis_os2.c.obj
                0x08005ba4                osKernelInitialize
 .text.osKernelStart
                0x08005be8       0x4c cmake/stm32cubemx/CMakeFiles/FreeRTOS.dir/__/__/Middlewares/Third_Party/FreeRTOS/Source/CMSIS_RTOS_V2/cmsis_os2.c.obj
                0x08005be8                osKernelStart
 .text.osThreadNew
                0x08005c34      0x124 cmake/stm32cubemx/CMakeFiles/FreeRTOS.dir/__/__/Middlewares/Third_Party/FreeRTOS/Source/CMSIS_RTOS_V2/cmsis_os2.c.obj
                0x08005c34                osThreadNew
 .text.osDelay  0x08005d58       0x36 cmake/stm32cubemx/CMakeFiles/FreeRTOS.dir/__/__/Middlewares/Third_Party/FreeRTOS/Source/CMSIS_RTOS_V2/cmsis_os2.c.obj
                0x08005d58                osDelay
 *fill*         0x08005d8e        0x2 
 .text.vApplicationGetIdleTaskMemory
                0x08005d90       0x30 cmake/stm32cubemx/CMakeFiles/FreeRTOS.dir/__/__/Middlewares/Third_Party/FreeRTOS/Source/CMSIS_RTOS_V2/cmsis_os2.c.obj
                0x08005d90                vApplicationGetIdleTaskMemory
 .text.vApplicationGetTimerTaskMemory
                0x08005dc0       0x34 cmake/stm32cubemx/CMakeFiles/FreeRTOS.dir/__/__/Middlewares/Third_Party/FreeRTOS/Source/CMSIS_RTOS_V2/cmsis_os2.c.obj
                0x08005dc0                vApplicationGetTimerTaskMemory
 .text.pvPortMalloc
                0x08005df4      0x19c cmake/stm32cubemx/CMakeFiles/FreeRTOS.dir/__/__/Middlewares/Third_Party/FreeRTOS/Source/portable/MemMang/heap_4.c.obj
                0x08005df4                pvPortMalloc
 .text.vPortFree
                0x08005f90       0xc8 cmake/stm32cubemx/CMakeFiles/FreeRTOS.dir/__/__/Middlewares/Third_Party/FreeRTOS/Source/portable/MemMang/heap_4.c.obj
                0x08005f90                vPortFree
 .text.prvHeapInit
                0x08006058       0xc4 cmake/stm32cubemx/CMakeFiles/FreeRTOS.dir/__/__/Middlewares/Third_Party/FreeRTOS/Source/portable/MemMang/heap_4.c.obj
 .text.prvInsertBlockIntoFreeList
                0x0800611c       0xb0 cmake/stm32cubemx/CMakeFiles/FreeRTOS.dir/__/__/Middlewares/Third_Party/FreeRTOS/Source/portable/MemMang/heap_4.c.obj
 .text.pxPortInitialiseStack
                0x080061cc       0x58 cmake/stm32cubemx/CMakeFiles/FreeRTOS.dir/__/__/Middlewares/Third_Party/FreeRTOS/Source/portable/GCC/ARM_CM3/port.c.obj
                0x080061cc                pxPortInitialiseStack
 .text.prvTaskExitError
                0x08006224       0x58 cmake/stm32cubemx/CMakeFiles/FreeRTOS.dir/__/__/Middlewares/Third_Party/FreeRTOS/Source/portable/GCC/ARM_CM3/port.c.obj
 *fill*         0x0800627c        0x4 
 .text.SVC_Handler
                0x08006280       0x28 cmake/stm32cubemx/CMakeFiles/FreeRTOS.dir/__/__/Middlewares/Third_Party/FreeRTOS/Source/portable/GCC/ARM_CM3/port.c.obj
                0x08006280                SVC_Handler
 .text.prvPortStartFirstTask
                0x080062a8       0x20 cmake/stm32cubemx/CMakeFiles/FreeRTOS.dir/__/__/Middlewares/Third_Party/FreeRTOS/Source/portable/GCC/ARM_CM3/port.c.obj
 .text.xPortStartScheduler
                0x080062c8       0xe4 cmake/stm32cubemx/CMakeFiles/FreeRTOS.dir/__/__/Middlewares/Third_Party/FreeRTOS/Source/portable/GCC/ARM_CM3/port.c.obj
                0x080062c8                xPortStartScheduler
 .text.vPortEnterCritical
                0x080063ac       0x60 cmake/stm32cubemx/CMakeFiles/FreeRTOS.dir/__/__/Middlewares/Third_Party/FreeRTOS/Source/portable/GCC/ARM_CM3/port.c.obj
                0x080063ac                vPortEnterCritical
 .text.vPortExitCritical
                0x0800640c       0x54 cmake/stm32cubemx/CMakeFiles/FreeRTOS.dir/__/__/Middlewares/Third_Party/FreeRTOS/Source/portable/GCC/ARM_CM3/port.c.obj
                0x0800640c                vPortExitCritical
 .text.PendSV_Handler
                0x08006460       0x48 cmake/stm32cubemx/CMakeFiles/FreeRTOS.dir/__/__/Middlewares/Third_Party/FreeRTOS/Source/portable/GCC/ARM_CM3/port.c.obj
                0x08006460                PendSV_Handler
 .text.xPortSysTickHandler
                0x080064a8       0x44 cmake/stm32cubemx/CMakeFiles/FreeRTOS.dir/__/__/Middlewares/Third_Party/FreeRTOS/Source/portable/GCC/ARM_CM3/port.c.obj
                0x080064a8                xPortSysTickHandler
 .text.vPortSetupTimerInterrupt
                0x080064ec       0x44 cmake/stm32cubemx/CMakeFiles/FreeRTOS.dir/__/__/Middlewares/Third_Party/FreeRTOS/Source/portable/GCC/ARM_CM3/port.c.obj
                0x080064ec                vPortSetupTimerInterrupt
 .text.vPortValidateInterruptPriority
                0x08006530       0x80 cmake/stm32cubemx/CMakeFiles/FreeRTOS.dir/__/__/Middlewares/Third_Party/FreeRTOS/Source/portable/GCC/ARM_CM3/port.c.obj
                0x08006530                vPortValidateInterruptPriority
 .text.__SetIn1PWM
                0x080065b0       0x20 CMakeFiles/free_rtos_temple.dir/Core/Src/drv8833.c.obj
 .text.__SetIn2PWM
                0x080065d0       0x20 CMakeFiles/free_rtos_temple.dir/Core/Src/drv8833.c.obj
 .text.DRV8833_Init
                0x080065f0       0x1c CMakeFiles/free_rtos_temple.dir/Core/Src/drv8833.c.obj
                0x080065f0                DRV8833_Init
 .text.DRV8833_Forward
                0x0800660c       0x4c CMakeFiles/free_rtos_temple.dir/Core/Src/drv8833.c.obj
                0x0800660c                DRV8833_Forward
 .text.DRV8833_Backward
                0x08006658       0x4c CMakeFiles/free_rtos_temple.dir/Core/Src/drv8833.c.obj
                0x08006658                DRV8833_Backward
 .text.DRV8833_Brake
                0x080066a4       0x14 CMakeFiles/free_rtos_temple.dir/Core/Src/drv8833.c.obj
                0x080066a4                DRV8833_Brake
 .text.DRV8833_Coast
                0x080066b8       0x14 CMakeFiles/free_rtos_temple.dir/Core/Src/drv8833.c.obj
                0x080066b8                DRV8833_Coast
 .text.sr04_start
                0x080066cc       0x2c CMakeFiles/free_rtos_temple.dir/Core/Src/sr04.c.obj
                0x080066cc                sr04_start
 .text.sr04_read
                0x080066f8       0xd0 CMakeFiles/free_rtos_temple.dir/Core/Src/sr04.c.obj
                0x080066f8                sr04_read
 .text.main     0x080067c8       0x2c CMakeFiles/free_rtos_temple.dir/Core/Src/main.c.obj
                0x080067c8                main
 .text.SystemClock_Config
                0x080067f4       0x8a CMakeFiles/free_rtos_temple.dir/Core/Src/main.c.obj
                0x080067f4                SystemClock_Config
 .text.Error_Handler
                0x0800687e        0xc CMakeFiles/free_rtos_temple.dir/Core/Src/main.c.obj
                0x0800687e                Error_Handler
 *fill*         0x0800688a        0x2 
 .text.MX_GPIO_Init
                0x0800688c       0xb0 CMakeFiles/free_rtos_temple.dir/Core/Src/gpio.c.obj
                0x0800688c                MX_GPIO_Init
 .text.MX_FREERTOS_Init
                0x0800693c      0x100 CMakeFiles/free_rtos_temple.dir/Core/Src/freertos.c.obj
                0x0800693c                MX_FREERTOS_Init
 .text.StartDefaultTask
                0x08006a3c       0x10 CMakeFiles/free_rtos_temple.dir/Core/Src/freertos.c.obj
                0x08006a3c                StartDefaultTask
 .text.BTControl
                0x08006a4c      0x260 CMakeFiles/free_rtos_temple.dir/Core/Src/freertos.c.obj
                0x08006a4c                BTControl
 .text.MotorPlay
                0x08006cac       0x54 CMakeFiles/free_rtos_temple.dir/Core/Src/freertos.c.obj
                0x08006cac                MotorPlay
 .text.SR04Play
                0x08006d00      0x264 CMakeFiles/free_rtos_temple.dir/Core/Src/freertos.c.obj
                0x08006d00                SR04Play
 .text.HAL_UART_RxCpltCallback
                0x08006f64       0x58 CMakeFiles/free_rtos_temple.dir/Core/Src/freertos.c.obj
                0x08006f64                HAL_UART_RxCpltCallback
 .text.MX_TIM1_Init
                0x08006fbc      0x158 CMakeFiles/free_rtos_temple.dir/Core/Src/tim.c.obj
                0x08006fbc                MX_TIM1_Init
 .text.MX_TIM3_Init
                0x08007114       0xf0 CMakeFiles/free_rtos_temple.dir/Core/Src/tim.c.obj
                0x08007114                MX_TIM3_Init
 .text.HAL_TIM_Base_MspInit
                0x08007204       0x64 CMakeFiles/free_rtos_temple.dir/Core/Src/tim.c.obj
                0x08007204                HAL_TIM_Base_MspInit
 .text.HAL_TIM_MspPostInit
                0x08007268       0xac CMakeFiles/free_rtos_temple.dir/Core/Src/tim.c.obj
                0x08007268                HAL_TIM_MspPostInit
 .text.MX_USART1_UART_Init
                0x08007314       0x54 CMakeFiles/free_rtos_temple.dir/Core/Src/usart.c.obj
                0x08007314                MX_USART1_UART_Init
 .text.HAL_UART_MspInit
                0x08007368       0xc4 CMakeFiles/free_rtos_temple.dir/Core/Src/usart.c.obj
                0x08007368                HAL_UART_MspInit
 .text.NMI_Handler
                0x0800742c        0x8 CMakeFiles/free_rtos_temple.dir/Core/Src/stm32f1xx_it.c.obj
                0x0800742c                NMI_Handler
 .text.HardFault_Handler
                0x08007434        0x8 CMakeFiles/free_rtos_temple.dir/Core/Src/stm32f1xx_it.c.obj
                0x08007434                HardFault_Handler
 .text.MemManage_Handler
                0x0800743c        0x8 CMakeFiles/free_rtos_temple.dir/Core/Src/stm32f1xx_it.c.obj
                0x0800743c                MemManage_Handler
 .text.BusFault_Handler
                0x08007444        0x8 CMakeFiles/free_rtos_temple.dir/Core/Src/stm32f1xx_it.c.obj
                0x08007444                BusFault_Handler
 .text.UsageFault_Handler
                0x0800744c        0x8 CMakeFiles/free_rtos_temple.dir/Core/Src/stm32f1xx_it.c.obj
                0x0800744c                UsageFault_Handler
 .text.DebugMon_Handler
                0x08007454        0xc CMakeFiles/free_rtos_temple.dir/Core/Src/stm32f1xx_it.c.obj
                0x08007454                DebugMon_Handler
 .text.SysTick_Handler
                0x08007460       0x1a CMakeFiles/free_rtos_temple.dir/Core/Src/stm32f1xx_it.c.obj
                0x08007460                SysTick_Handler
 *fill*         0x0800747a        0x2 
 .text.USART1_IRQHandler
                0x0800747c       0x14 CMakeFiles/free_rtos_temple.dir/Core/Src/stm32f1xx_it.c.obj
                0x0800747c                USART1_IRQHandler
 .text.HAL_MspInit
                0x08007490       0x70 CMakeFiles/free_rtos_temple.dir/Core/Src/stm32f1xx_hal_msp.c.obj
                0x08007490                HAL_MspInit
 .text.Reset_Handler
                0x08007500       0x48 CMakeFiles/free_rtos_temple.dir/startup_stm32f103xb.s.obj
                0x08007500                Reset_Handler
 .text.Default_Handler
                0x08007548        0x2 CMakeFiles/free_rtos_temple.dir/startup_stm32f103xb.s.obj
                0x08007548                RTC_Alarm_IRQHandler
                0x08007548                EXTI2_IRQHandler
                0x08007548                TIM1_CC_IRQHandler
                0x08007548                PVD_IRQHandler
                0x08007548                EXTI3_IRQHandler
                0x08007548                EXTI0_IRQHandler
                0x08007548                I2C2_EV_IRQHandler
                0x08007548                ADC1_2_IRQHandler
                0x08007548                SPI1_IRQHandler
                0x08007548                TAMPER_IRQHandler
                0x08007548                DMA1_Channel4_IRQHandler
                0x08007548                USART3_IRQHandler
                0x08007548                RTC_IRQHandler
                0x08007548                DMA1_Channel7_IRQHandler
                0x08007548                CAN1_RX1_IRQHandler
                0x08007548                TIM4_IRQHandler
                0x08007548                I2C1_EV_IRQHandler
                0x08007548                DMA1_Channel6_IRQHandler
                0x08007548                TIM3_IRQHandler
                0x08007548                RCC_IRQHandler
                0x08007548                TIM1_TRG_COM_IRQHandler
                0x08007548                DMA1_Channel1_IRQHandler
                0x08007548                Default_Handler
                0x08007548                EXTI15_10_IRQHandler
                0x08007548                EXTI9_5_IRQHandler
                0x08007548                SPI2_IRQHandler
                0x08007548                DMA1_Channel5_IRQHandler
                0x08007548                EXTI4_IRQHandler
                0x08007548                USB_LP_CAN1_RX0_IRQHandler
                0x08007548                USB_HP_CAN1_TX_IRQHandler
                0x08007548                DMA1_Channel3_IRQHandler
                0x08007548                TIM1_UP_IRQHandler
                0x08007548                WWDG_IRQHandler
                0x08007548                TIM2_IRQHandler
                0x08007548                TIM1_BRK_IRQHandler
                0x08007548                EXTI1_IRQHandler
                0x08007548                USART2_IRQHandler
                0x08007548                I2C2_ER_IRQHandler
                0x08007548                DMA1_Channel2_IRQHandler
                0x08007548                CAN1_SCE_IRQHandler
                0x08007548                FLASH_IRQHandler
                0x08007548                I2C1_ER_IRQHandler
                0x08007548                USBWakeUp_IRQHandler
 .text.memcpy   0x0800754a       0x1c C:/Users/hgl/AppData/Local/stm32cube/bundles/gnu-tools-for-stm32/13.3.1+st.9/bin/../lib/gcc/arm-none-eabi/13.3.1/../../../../arm-none-eabi/lib/thumb/v7-m/nofp\libg_nano.a(libc_a-memcpy-stub.o)
                0x0800754a                memcpy
 *(.glue_7)
 .glue_7        0x08007566        0x0 linker stubs
 *(.glue_7t)
 .glue_7t       0x08007566        0x0 linker stubs
 *(.eh_frame)
 *fill*         0x08007566        0x2 
 .eh_frame      0x08007568        0x0 C:/Users/hgl/AppData/Local/stm32cube/bundles/gnu-tools-for-stm32/13.3.1+st.9/bin/../lib/gcc/arm-none-eabi/13.3.1/thumb/v7-m/nofp/crtbegin.o
 *(.init)
 .init          0x08007568        0x4 C:/Users/hgl/AppData/Local/stm32cube/bundles/gnu-tools-for-stm32/13.3.1+st.9/bin/../lib/gcc/arm-none-eabi/13.3.1/thumb/v7-m/nofp/crti.o
                0x08007568                _init
 .init          0x0800756c        0x8 C:/Users/hgl/AppData/Local/stm32cube/bundles/gnu-tools-for-stm32/13.3.1+st.9/bin/../lib/gcc/arm-none-eabi/13.3.1/thumb/v7-m/nofp/crtn.o
 *(.fini)
 .fini          0x08007574        0x4 C:/Users/hgl/AppData/Local/stm32cube/bundles/gnu-tools-for-stm32/13.3.1+st.9/bin/../lib/gcc/arm-none-eabi/13.3.1/thumb/v7-m/nofp/crti.o
                0x08007574                _fini
 .fini          0x08007578        0x8 C:/Users/hgl/AppData/Local/stm32cube/bundles/gnu-tools-for-stm32/13.3.1+st.9/bin/../lib/gcc/arm-none-eabi/13.3.1/thumb/v7-m/nofp/crtn.o
                0x08007580                        . = ALIGN (0x4)
                0x08007580                        _etext = .

.vfp11_veneer   0x08007580        0x0
 .vfp11_veneer  0x08007580        0x0 linker stubs

.v4_bx          0x08007580        0x0
 .v4_bx         0x08007580        0x0 linker stubs

.iplt           0x08007580        0x0
 .iplt          0x08007580        0x0 C:/Users/hgl/AppData/Local/stm32cube/bundles/gnu-tools-for-stm32/13.3.1+st.9/bin/../lib/gcc/arm-none-eabi/13.3.1/thumb/v7-m/nofp/crtbegin.o

.rodata         0x08007580       0xa4
                0x08007580                        . = ALIGN (0x4)
 *(.rodata)
 .rodata        0x08007580        0x5 cmake/stm32cubemx/CMakeFiles/FreeRTOS.dir/__/__/Middlewares/Third_Party/FreeRTOS/Source/tasks.c.obj
 *fill*         0x08007585        0x3 
 .rodata        0x08007588        0xd cmake/stm32cubemx/CMakeFiles/FreeRTOS.dir/__/__/Middlewares/Third_Party/FreeRTOS/Source/timers.c.obj
 *fill*         0x08007595        0x3 
 .rodata        0x08007598       0x39 CMakeFiles/free_rtos_temple.dir/Core/Src/freertos.c.obj
 *(.rodata*)
 *fill*         0x080075d1        0x3 
 .rodata.AHBPrescTable
                0x080075d4       0x10 cmake/stm32cubemx/CMakeFiles/STM32_Drivers.dir/__/__/Core/Src/system_stm32f1xx.c.obj
                0x080075d4                AHBPrescTable
 .rodata.APBPrescTable
                0x080075e4        0x8 cmake/stm32cubemx/CMakeFiles/STM32_Drivers.dir/__/__/Core/Src/system_stm32f1xx.c.obj
                0x080075e4                APBPrescTable
 .rodata.aPLLMULFactorTable.1
                0x080075ec       0x10 cmake/stm32cubemx/CMakeFiles/STM32_Drivers.dir/__/__/Drivers/STM32F1xx_HAL_Driver/Src/stm32f1xx_hal_rcc.c.obj
 .rodata.aPredivFactorTable.0
                0x080075fc        0x2 cmake/stm32cubemx/CMakeFiles/STM32_Drivers.dir/__/__/Drivers/STM32F1xx_HAL_Driver/Src/stm32f1xx_hal_rcc.c.obj
 *fill*         0x080075fe        0x2 
 .rodata.defaultTask_attributes
                0x08007600       0x24 CMakeFiles/free_rtos_temple.dir/Core/Src/freertos.c.obj
                0x08007600                defaultTask_attributes
                0x08007624                        . = ALIGN (0x4)

.ARM.extab      0x08007624        0x0
                0x08007624                        . = ALIGN (0x4)
 *(.ARM.extab* .gnu.linkonce.armextab.*)
                0x08007624                        . = ALIGN (0x4)

.ARM            0x08007624        0x0
                0x08007624                        . = ALIGN (0x4)
                0x08007624                        __exidx_start = .
 *(.ARM.exidx*)
                0x08007624                        __exidx_end = .
                0x08007624                        . = ALIGN (0x4)

.preinit_array  0x08007624        0x0
                0x08007624                        . = ALIGN (0x4)
                0x08007624                        PROVIDE (__preinit_array_start = .)
 *(.preinit_array*)
                0x08007624                        PROVIDE (__preinit_array_end = .)
                0x08007624                        . = ALIGN (0x4)

.init_array     0x08007624        0x4
                0x08007624                        . = ALIGN (0x4)
                0x08007624                        PROVIDE (__init_array_start = .)
 *(SORT_BY_NAME(.init_array.*))
 *(.init_array*)
 .init_array    0x08007624        0x4 C:/Users/hgl/AppData/Local/stm32cube/bundles/gnu-tools-for-stm32/13.3.1+st.9/bin/../lib/gcc/arm-none-eabi/13.3.1/thumb/v7-m/nofp/crtbegin.o
                0x08007628                        PROVIDE (__init_array_end = .)
                0x08007628                        . = ALIGN (0x4)

.fini_array     0x08007628        0x4
                0x08007628                        . = ALIGN (0x4)
                [!provide]                        PROVIDE (__fini_array_start = .)
 *(SORT_BY_NAME(.fini_array.*))
 *(.fini_array*)
 .fini_array    0x08007628        0x4 C:/Users/hgl/AppData/Local/stm32cube/bundles/gnu-tools-for-stm32/13.3.1+st.9/bin/../lib/gcc/arm-none-eabi/13.3.1/thumb/v7-m/nofp/crtbegin.o
                [!provide]                        PROVIDE (__fini_array_end = .)
                0x0800762c                        . = ALIGN (0x4)
                0x0800762c                        _sidata = LOADADDR (.data)

.rel.dyn        0x0800762c        0x0
 .rel.iplt      0x0800762c        0x0 C:/Users/hgl/AppData/Local/stm32cube/bundles/gnu-tools-for-stm32/13.3.1+st.9/bin/../lib/gcc/arm-none-eabi/13.3.1/thumb/v7-m/nofp/crtbegin.o

.data           0x20000000       0x14 load address 0x0800762c
                0x20000000                        . = ALIGN (0x4)
                0x20000000                        _sdata = .
 *(.data)
 *(.data*)
 .data.SystemCoreClock
                0x20000000        0x4 cmake/stm32cubemx/CMakeFiles/STM32_Drivers.dir/__/__/Core/Src/system_stm32f1xx.c.obj
                0x20000000                SystemCoreClock
 .data.uwTickPrio
                0x20000004        0x4 cmake/stm32cubemx/CMakeFiles/STM32_Drivers.dir/__/__/Drivers/STM32F1xx_HAL_Driver/Src/stm32f1xx_hal.c.obj
                0x20000004                uwTickPrio
 .data.uwTickFreq
                0x20000008        0x1 cmake/stm32cubemx/CMakeFiles/STM32_Drivers.dir/__/__/Drivers/STM32F1xx_HAL_Driver/Src/stm32f1xx_hal.c.obj
                0x20000008                uwTickFreq
 *fill*         0x20000009        0x3 
 .data.uxCriticalNesting
                0x2000000c        0x4 cmake/stm32cubemx/CMakeFiles/FreeRTOS.dir/__/__/Middlewares/Third_Party/FreeRTOS/Source/portable/GCC/ARM_CM3/port.c.obj
 .data.motorState
                0x20000010        0x1 CMakeFiles/free_rtos_temple.dir/Core/Src/freertos.c.obj
 .data.servoAngle
                0x20000011        0x1 CMakeFiles/free_rtos_temple.dir/Core/Src/freertos.c.obj
 *(.RamFunc)
 *(.RamFunc*)
                0x20000014                        . = ALIGN (0x4)
 *fill*         0x20000012        0x2 
                0x20000014                        _edata = .

.igot.plt       0x20000014        0x0 load address 0x08007640
 .igot.plt      0x20000014        0x0 C:/Users/hgl/AppData/Local/stm32cube/bundles/gnu-tools-for-stm32/13.3.1+st.9/bin/../lib/gcc/arm-none-eabi/13.3.1/thumb/v7-m/nofp/crtbegin.o
                0x20000014                        . = ALIGN (0x4)

.bss            0x20000014     0x21e0 load address 0x08007640
                0x20000014                        _sbss = .
                0x20000014                        __bss_start__ = _sbss
 *(.bss)
 .bss           0x20000014       0x1c C:/Users/hgl/AppData/Local/stm32cube/bundles/gnu-tools-for-stm32/13.3.1+st.9/bin/../lib/gcc/arm-none-eabi/13.3.1/thumb/v7-m/nofp/crtbegin.o
 *(.bss*)
 .bss.uwTick    0x20000030        0x4 cmake/stm32cubemx/CMakeFiles/STM32_Drivers.dir/__/__/Drivers/STM32F1xx_HAL_Driver/Src/stm32f1xx_hal.c.obj
                0x20000030                uwTick
 .bss.xQueueRegistry
                0x20000034       0x40 cmake/stm32cubemx/CMakeFiles/FreeRTOS.dir/__/__/Middlewares/Third_Party/FreeRTOS/Source/queue.c.obj
                0x20000034                xQueueRegistry
 .bss.pxCurrentTCB
                0x20000074        0x4 cmake/stm32cubemx/CMakeFiles/FreeRTOS.dir/__/__/Middlewares/Third_Party/FreeRTOS/Source/tasks.c.obj
                0x20000074                pxCurrentTCB
 .bss.pxReadyTasksLists
                0x20000078      0x460 cmake/stm32cubemx/CMakeFiles/FreeRTOS.dir/__/__/Middlewares/Third_Party/FreeRTOS/Source/tasks.c.obj
 .bss.xDelayedTaskList1
                0x200004d8       0x14 cmake/stm32cubemx/CMakeFiles/FreeRTOS.dir/__/__/Middlewares/Third_Party/FreeRTOS/Source/tasks.c.obj
 .bss.xDelayedTaskList2
                0x200004ec       0x14 cmake/stm32cubemx/CMakeFiles/FreeRTOS.dir/__/__/Middlewares/Third_Party/FreeRTOS/Source/tasks.c.obj
 .bss.pxDelayedTaskList
                0x20000500        0x4 cmake/stm32cubemx/CMakeFiles/FreeRTOS.dir/__/__/Middlewares/Third_Party/FreeRTOS/Source/tasks.c.obj
 .bss.pxOverflowDelayedTaskList
                0x20000504        0x4 cmake/stm32cubemx/CMakeFiles/FreeRTOS.dir/__/__/Middlewares/Third_Party/FreeRTOS/Source/tasks.c.obj
 .bss.xPendingReadyList
                0x20000508       0x14 cmake/stm32cubemx/CMakeFiles/FreeRTOS.dir/__/__/Middlewares/Third_Party/FreeRTOS/Source/tasks.c.obj
 .bss.xTasksWaitingTermination
                0x2000051c       0x14 cmake/stm32cubemx/CMakeFiles/FreeRTOS.dir/__/__/Middlewares/Third_Party/FreeRTOS/Source/tasks.c.obj
 .bss.uxDeletedTasksWaitingCleanUp
                0x20000530        0x4 cmake/stm32cubemx/CMakeFiles/FreeRTOS.dir/__/__/Middlewares/Third_Party/FreeRTOS/Source/tasks.c.obj
 .bss.xSuspendedTaskList
                0x20000534       0x14 cmake/stm32cubemx/CMakeFiles/FreeRTOS.dir/__/__/Middlewares/Third_Party/FreeRTOS/Source/tasks.c.obj
 .bss.uxCurrentNumberOfTasks
                0x20000548        0x4 cmake/stm32cubemx/CMakeFiles/FreeRTOS.dir/__/__/Middlewares/Third_Party/FreeRTOS/Source/tasks.c.obj
 .bss.xTickCount
                0x2000054c        0x4 cmake/stm32cubemx/CMakeFiles/FreeRTOS.dir/__/__/Middlewares/Third_Party/FreeRTOS/Source/tasks.c.obj
 .bss.uxTopReadyPriority
                0x20000550        0x4 cmake/stm32cubemx/CMakeFiles/FreeRTOS.dir/__/__/Middlewares/Third_Party/FreeRTOS/Source/tasks.c.obj
 .bss.xSchedulerRunning
                0x20000554        0x4 cmake/stm32cubemx/CMakeFiles/FreeRTOS.dir/__/__/Middlewares/Third_Party/FreeRTOS/Source/tasks.c.obj
 .bss.xPendedTicks
                0x20000558        0x4 cmake/stm32cubemx/CMakeFiles/FreeRTOS.dir/__/__/Middlewares/Third_Party/FreeRTOS/Source/tasks.c.obj
 .bss.xYieldPending
                0x2000055c        0x4 cmake/stm32cubemx/CMakeFiles/FreeRTOS.dir/__/__/Middlewares/Third_Party/FreeRTOS/Source/tasks.c.obj
 .bss.xNumOfOverflows
                0x20000560        0x4 cmake/stm32cubemx/CMakeFiles/FreeRTOS.dir/__/__/Middlewares/Third_Party/FreeRTOS/Source/tasks.c.obj
 .bss.uxTaskNumber
                0x20000564        0x4 cmake/stm32cubemx/CMakeFiles/FreeRTOS.dir/__/__/Middlewares/Third_Party/FreeRTOS/Source/tasks.c.obj
 .bss.xNextTaskUnblockTime
                0x20000568        0x4 cmake/stm32cubemx/CMakeFiles/FreeRTOS.dir/__/__/Middlewares/Third_Party/FreeRTOS/Source/tasks.c.obj
 .bss.xIdleTaskHandle
                0x2000056c        0x4 cmake/stm32cubemx/CMakeFiles/FreeRTOS.dir/__/__/Middlewares/Third_Party/FreeRTOS/Source/tasks.c.obj
 .bss.uxSchedulerSuspended
                0x20000570        0x4 cmake/stm32cubemx/CMakeFiles/FreeRTOS.dir/__/__/Middlewares/Third_Party/FreeRTOS/Source/tasks.c.obj
 .bss.xActiveTimerList1
                0x20000574       0x14 cmake/stm32cubemx/CMakeFiles/FreeRTOS.dir/__/__/Middlewares/Third_Party/FreeRTOS/Source/timers.c.obj
 .bss.xActiveTimerList2
                0x20000588       0x14 cmake/stm32cubemx/CMakeFiles/FreeRTOS.dir/__/__/Middlewares/Third_Party/FreeRTOS/Source/timers.c.obj
 .bss.pxCurrentTimerList
                0x2000059c        0x4 cmake/stm32cubemx/CMakeFiles/FreeRTOS.dir/__/__/Middlewares/Third_Party/FreeRTOS/Source/timers.c.obj
 .bss.pxOverflowTimerList
                0x200005a0        0x4 cmake/stm32cubemx/CMakeFiles/FreeRTOS.dir/__/__/Middlewares/Third_Party/FreeRTOS/Source/timers.c.obj
 .bss.xTimerQueue
                0x200005a4        0x4 cmake/stm32cubemx/CMakeFiles/FreeRTOS.dir/__/__/Middlewares/Third_Party/FreeRTOS/Source/timers.c.obj
 .bss.xTimerTaskHandle
                0x200005a8        0x4 cmake/stm32cubemx/CMakeFiles/FreeRTOS.dir/__/__/Middlewares/Third_Party/FreeRTOS/Source/timers.c.obj
 .bss.xLastTime.2
                0x200005ac        0x4 cmake/stm32cubemx/CMakeFiles/FreeRTOS.dir/__/__/Middlewares/Third_Party/FreeRTOS/Source/timers.c.obj
 .bss.ucStaticTimerQueueStorage.1
                0x200005b0       0xa0 cmake/stm32cubemx/CMakeFiles/FreeRTOS.dir/__/__/Middlewares/Third_Party/FreeRTOS/Source/timers.c.obj
 .bss.xStaticTimerQueue.0
                0x20000650       0x50 cmake/stm32cubemx/CMakeFiles/FreeRTOS.dir/__/__/Middlewares/Third_Party/FreeRTOS/Source/timers.c.obj
 .bss.KernelState
                0x200006a0        0x4 cmake/stm32cubemx/CMakeFiles/FreeRTOS.dir/__/__/Middlewares/Third_Party/FreeRTOS/Source/CMSIS_RTOS_V2/cmsis_os2.c.obj
 .bss.Idle_TCB.3
                0x200006a4       0x5c cmake/stm32cubemx/CMakeFiles/FreeRTOS.dir/__/__/Middlewares/Third_Party/FreeRTOS/Source/CMSIS_RTOS_V2/cmsis_os2.c.obj
 .bss.Idle_Stack.2
                0x20000700      0x200 cmake/stm32cubemx/CMakeFiles/FreeRTOS.dir/__/__/Middlewares/Third_Party/FreeRTOS/Source/CMSIS_RTOS_V2/cmsis_os2.c.obj
 .bss.Timer_TCB.1
                0x20000900       0x5c cmake/stm32cubemx/CMakeFiles/FreeRTOS.dir/__/__/Middlewares/Third_Party/FreeRTOS/Source/CMSIS_RTOS_V2/cmsis_os2.c.obj
 .bss.Timer_Stack.0
                0x2000095c      0x400 cmake/stm32cubemx/CMakeFiles/FreeRTOS.dir/__/__/Middlewares/Third_Party/FreeRTOS/Source/CMSIS_RTOS_V2/cmsis_os2.c.obj
 .bss.ucHeap    0x20000d5c      0xc00 cmake/stm32cubemx/CMakeFiles/FreeRTOS.dir/__/__/Middlewares/Third_Party/FreeRTOS/Source/portable/MemMang/heap_4.c.obj
 .bss.xStart    0x2000195c        0x8 cmake/stm32cubemx/CMakeFiles/FreeRTOS.dir/__/__/Middlewares/Third_Party/FreeRTOS/Source/portable/MemMang/heap_4.c.obj
 .bss.pxEnd     0x20001964        0x4 cmake/stm32cubemx/CMakeFiles/FreeRTOS.dir/__/__/Middlewares/Third_Party/FreeRTOS/Source/portable/MemMang/heap_4.c.obj
 .bss.xFreeBytesRemaining
                0x20001968        0x4 cmake/stm32cubemx/CMakeFiles/FreeRTOS.dir/__/__/Middlewares/Third_Party/FreeRTOS/Source/portable/MemMang/heap_4.c.obj
 .bss.xMinimumEverFreeBytesRemaining
                0x2000196c        0x4 cmake/stm32cubemx/CMakeFiles/FreeRTOS.dir/__/__/Middlewares/Third_Party/FreeRTOS/Source/portable/MemMang/heap_4.c.obj
 .bss.xNumberOfSuccessfulAllocations
                0x20001970        0x4 cmake/stm32cubemx/CMakeFiles/FreeRTOS.dir/__/__/Middlewares/Third_Party/FreeRTOS/Source/portable/MemMang/heap_4.c.obj
 .bss.xNumberOfSuccessfulFrees
                0x20001974        0x4 cmake/stm32cubemx/CMakeFiles/FreeRTOS.dir/__/__/Middlewares/Third_Party/FreeRTOS/Source/portable/MemMang/heap_4.c.obj
 .bss.xBlockAllocatedBit
                0x20001978        0x4 cmake/stm32cubemx/CMakeFiles/FreeRTOS.dir/__/__/Middlewares/Third_Party/FreeRTOS/Source/portable/MemMang/heap_4.c.obj
 .bss.ucMaxSysCallPriority
                0x2000197c        0x1 cmake/stm32cubemx/CMakeFiles/FreeRTOS.dir/__/__/Middlewares/Third_Party/FreeRTOS/Source/portable/GCC/ARM_CM3/port.c.obj
 *fill*         0x2000197d        0x3 
 .bss.ulMaxPRIGROUPValue
                0x20001980        0x4 cmake/stm32cubemx/CMakeFiles/FreeRTOS.dir/__/__/Middlewares/Third_Party/FreeRTOS/Source/portable/GCC/ARM_CM3/port.c.obj
 .bss.currentDecayMode
                0x20001984        0x1 CMakeFiles/free_rtos_temple.dir/Core/Src/drv8833.c.obj
 *fill*         0x20001985        0x3 
 .bss.Motor_TaskStack
                0x20001988      0x200 CMakeFiles/free_rtos_temple.dir/Core/Src/freertos.c.obj
 .bss.Motor_TaskTCB
                0x20001b88       0x5c CMakeFiles/free_rtos_temple.dir/Core/Src/freertos.c.obj
 .bss.Motor_TaskHandle
                0x20001be4        0x4 CMakeFiles/free_rtos_temple.dir/Core/Src/freertos.c.obj
 .bss.BT_TaskStack
                0x20001be8      0x200 CMakeFiles/free_rtos_temple.dir/Core/Src/freertos.c.obj
 .bss.BT_TaskTCB
                0x20001de8       0x5c CMakeFiles/free_rtos_temple.dir/Core/Src/freertos.c.obj
 .bss.BT_TaskHandle
                0x20001e44        0x4 CMakeFiles/free_rtos_temple.dir/Core/Src/freertos.c.obj
 .bss.SR04_TaskStack
                0x20001e48      0x200 CMakeFiles/free_rtos_temple.dir/Core/Src/freertos.c.obj
 .bss.SR04_TaskTCB
                0x20002048       0x5c CMakeFiles/free_rtos_temple.dir/Core/Src/freertos.c.obj
 .bss.SR04_TaskHandle
                0x200020a4        0x4 CMakeFiles/free_rtos_temple.dir/Core/Src/freertos.c.obj
 .bss.speed     0x200020a8        0x1 CMakeFiles/free_rtos_temple.dir/Core/Src/freertos.c.obj
 .bss.duty      0x200020a9        0x1 CMakeFiles/free_rtos_temple.dir/Core/Src/freertos.c.obj
 *fill*         0x200020aa        0x2 
 .bss.xStaticQueue
                0x200020ac       0x50 CMakeFiles/free_rtos_temple.dir/Core/Src/freertos.c.obj
 .bss.UartQueueStorageArea
                0x200020fc       0x14 CMakeFiles/free_rtos_temple.dir/Core/Src/freertos.c.obj
 .bss.UartDataQueue
                0x20002110        0x4 CMakeFiles/free_rtos_temple.dir/Core/Src/freertos.c.obj
                0x20002110                UartDataQueue
 .bss.motorMux_Handle
                0x20002114        0x4 CMakeFiles/free_rtos_temple.dir/Core/Src/freertos.c.obj
                0x20002114                motorMux_Handle
 .bss.defaultTaskHandle
                0x20002118        0x4 CMakeFiles/free_rtos_temple.dir/Core/Src/freertos.c.obj
                0x20002118                defaultTaskHandle
 .bss.htim1     0x2000211c       0x48 CMakeFiles/free_rtos_temple.dir/Core/Src/tim.c.obj
                0x2000211c                htim1
 .bss.htim3     0x20002164       0x48 CMakeFiles/free_rtos_temple.dir/Core/Src/tim.c.obj
                0x20002164                htim3
 .bss.huart1    0x200021ac       0x48 CMakeFiles/free_rtos_temple.dir/Core/Src/usart.c.obj
                0x200021ac                huart1
 *(COMMON)
                0x200021f4                        . = ALIGN (0x4)
                0x200021f4                        _ebss = .
                0x200021f4                        __bss_end__ = _ebss

._user_heap_stack
                0x200021f4      0x604 load address 0x08007640
                0x200021f8                        . = ALIGN (0x8)
 *fill*         0x200021f4        0x4 
                [!provide]                        PROVIDE (end = .)
                0x200021f8                        PROVIDE (_end = .)
                0x200023f8                        . = (. + _Min_Heap_Size)
 *fill*         0x200021f8      0x200 
                0x200027f8                        . = (. + _Min_Stack_Size)
 *fill*         0x200023f8      0x400 
                0x200027f8                        . = ALIGN (0x8)

/DISCARD/
 libc.a(*)
 libm.a(*)
 libgcc.a(*)
OUTPUT(free_rtos_temple.elf elf32-littlearm)
LOAD linker stubs
LOAD C:/Users/hgl/AppData/Local/stm32cube/bundles/gnu-tools-for-stm32/13.3.1+st.9/bin/../lib/gcc/arm-none-eabi/13.3.1/../../../../arm-none-eabi/lib/thumb/v7-m/nofp\libc.a
LOAD C:/Users/hgl/AppData/Local/stm32cube/bundles/gnu-tools-for-stm32/13.3.1+st.9/bin/../lib/gcc/arm-none-eabi/13.3.1/../../../../arm-none-eabi/lib/thumb/v7-m/nofp\libm.a
LOAD C:/Users/hgl/AppData/Local/stm32cube/bundles/gnu-tools-for-stm32/13.3.1+st.9/bin/../lib/gcc/arm-none-eabi/13.3.1/thumb/v7-m/nofp\libgcc.a

.ARM.attributes
                0x00000000       0x29
 .ARM.attributes
                0x00000000       0x1d C:/Users/hgl/AppData/Local/stm32cube/bundles/gnu-tools-for-stm32/13.3.1+st.9/bin/../lib/gcc/arm-none-eabi/13.3.1/thumb/v7-m/nofp/crti.o
 .ARM.attributes
                0x0000001d       0x2d C:/Users/hgl/AppData/Local/stm32cube/bundles/gnu-tools-for-stm32/13.3.1+st.9/bin/../lib/gcc/arm-none-eabi/13.3.1/thumb/v7-m/nofp/crtbegin.o
 .ARM.attributes
                0x0000004a       0x2d C:/Users/hgl/AppData/Local/stm32cube/bundles/gnu-tools-for-stm32/13.3.1+st.9/bin/../lib/gcc/arm-none-eabi/13.3.1/../../../../arm-none-eabi/lib/thumb/v7-m/nofp\libc_nano.a(libc_a-memset.o)
 .ARM.attributes
                0x00000077       0x2d C:/Users/hgl/AppData/Local/stm32cube/bundles/gnu-tools-for-stm32/13.3.1+st.9/bin/../lib/gcc/arm-none-eabi/13.3.1/../../../../arm-none-eabi/lib/thumb/v7-m/nofp\libc_nano.a(libc_a-init.o)
 .ARM.attributes
                0x000000a4       0x2d cmake/stm32cubemx/CMakeFiles/STM32_Drivers.dir/__/__/Core/Src/system_stm32f1xx.c.obj
 .ARM.attributes
                0x000000d1       0x2d cmake/stm32cubemx/CMakeFiles/STM32_Drivers.dir/__/__/Drivers/STM32F1xx_HAL_Driver/Src/stm32f1xx_hal.c.obj
 .ARM.attributes
                0x000000fe       0x2d cmake/stm32cubemx/CMakeFiles/STM32_Drivers.dir/__/__/Drivers/STM32F1xx_HAL_Driver/Src/stm32f1xx_hal_rcc.c.obj
 .ARM.attributes
                0x0000012b       0x2d cmake/stm32cubemx/CMakeFiles/STM32_Drivers.dir/__/__/Drivers/STM32F1xx_HAL_Driver/Src/stm32f1xx_hal_gpio.c.obj
 .ARM.attributes
                0x00000158       0x2d cmake/stm32cubemx/CMakeFiles/STM32_Drivers.dir/__/__/Drivers/STM32F1xx_HAL_Driver/Src/stm32f1xx_hal_dma.c.obj
 .ARM.attributes
                0x00000185       0x2d cmake/stm32cubemx/CMakeFiles/STM32_Drivers.dir/__/__/Drivers/STM32F1xx_HAL_Driver/Src/stm32f1xx_hal_cortex.c.obj
 .ARM.attributes
                0x000001b2       0x2d cmake/stm32cubemx/CMakeFiles/STM32_Drivers.dir/__/__/Drivers/STM32F1xx_HAL_Driver/Src/stm32f1xx_hal_tim.c.obj
 .ARM.attributes
                0x000001df       0x2d cmake/stm32cubemx/CMakeFiles/STM32_Drivers.dir/__/__/Drivers/STM32F1xx_HAL_Driver/Src/stm32f1xx_hal_tim_ex.c.obj
 .ARM.attributes
                0x0000020c       0x2d cmake/stm32cubemx/CMakeFiles/STM32_Drivers.dir/__/__/Drivers/STM32F1xx_HAL_Driver/Src/stm32f1xx_hal_uart.c.obj
 .ARM.attributes
                0x00000239       0x2d cmake/stm32cubemx/CMakeFiles/FreeRTOS.dir/__/__/Middlewares/Third_Party/FreeRTOS/Source/list.c.obj
 .ARM.attributes
                0x00000266       0x2d cmake/stm32cubemx/CMakeFiles/FreeRTOS.dir/__/__/Middlewares/Third_Party/FreeRTOS/Source/queue.c.obj
 .ARM.attributes
                0x00000293       0x2d cmake/stm32cubemx/CMakeFiles/FreeRTOS.dir/__/__/Middlewares/Third_Party/FreeRTOS/Source/tasks.c.obj
 .ARM.attributes
                0x000002c0       0x2d cmake/stm32cubemx/CMakeFiles/FreeRTOS.dir/__/__/Middlewares/Third_Party/FreeRTOS/Source/timers.c.obj
 .ARM.attributes
                0x000002ed       0x2d cmake/stm32cubemx/CMakeFiles/FreeRTOS.dir/__/__/Middlewares/Third_Party/FreeRTOS/Source/CMSIS_RTOS_V2/cmsis_os2.c.obj
 .ARM.attributes
                0x0000031a       0x2d cmake/stm32cubemx/CMakeFiles/FreeRTOS.dir/__/__/Middlewares/Third_Party/FreeRTOS/Source/portable/MemMang/heap_4.c.obj
 .ARM.attributes
                0x00000347       0x2d cmake/stm32cubemx/CMakeFiles/FreeRTOS.dir/__/__/Middlewares/Third_Party/FreeRTOS/Source/portable/GCC/ARM_CM3/port.c.obj
 .ARM.attributes
                0x00000374       0x2d CMakeFiles/free_rtos_temple.dir/Core/Src/drv8833.c.obj
 .ARM.attributes
                0x000003a1       0x2d CMakeFiles/free_rtos_temple.dir/Core/Src/sr04.c.obj
 .ARM.attributes
                0x000003ce       0x2d CMakeFiles/free_rtos_temple.dir/Core/Src/main.c.obj
 .ARM.attributes
                0x000003fb       0x2d CMakeFiles/free_rtos_temple.dir/Core/Src/gpio.c.obj
 .ARM.attributes
                0x00000428       0x2d CMakeFiles/free_rtos_temple.dir/Core/Src/freertos.c.obj
 .ARM.attributes
                0x00000455       0x2d CMakeFiles/free_rtos_temple.dir/Core/Src/tim.c.obj
 .ARM.attributes
                0x00000482       0x2d CMakeFiles/free_rtos_temple.dir/Core/Src/usart.c.obj
 .ARM.attributes
                0x000004af       0x2d CMakeFiles/free_rtos_temple.dir/Core/Src/stm32f1xx_it.c.obj
 .ARM.attributes
                0x000004dc       0x2d CMakeFiles/free_rtos_temple.dir/Core/Src/stm32f1xx_hal_msp.c.obj
 .ARM.attributes
                0x00000509       0x21 CMakeFiles/free_rtos_temple.dir/startup_stm32f103xb.s.obj
 .ARM.attributes
                0x0000052a       0x1d C:/Users/hgl/AppData/Local/stm32cube/bundles/gnu-tools-for-stm32/13.3.1+st.9/bin/../lib/gcc/arm-none-eabi/13.3.1/thumb/v7-m/nofp\libgcc.a(_arm_addsubdf3.o)
 .ARM.attributes
                0x00000547       0x1d C:/Users/hgl/AppData/Local/stm32cube/bundles/gnu-tools-for-stm32/13.3.1+st.9/bin/../lib/gcc/arm-none-eabi/13.3.1/thumb/v7-m/nofp\libgcc.a(_arm_muldivdf3.o)
 .ARM.attributes
                0x00000564       0x1d C:/Users/hgl/AppData/Local/stm32cube/bundles/gnu-tools-for-stm32/13.3.1+st.9/bin/../lib/gcc/arm-none-eabi/13.3.1/thumb/v7-m/nofp\libgcc.a(_arm_cmpdf2.o)
 .ARM.attributes
                0x00000581       0x1d C:/Users/hgl/AppData/Local/stm32cube/bundles/gnu-tools-for-stm32/13.3.1+st.9/bin/../lib/gcc/arm-none-eabi/13.3.1/thumb/v7-m/nofp\libgcc.a(_arm_fixunsdfsi.o)
 .ARM.attributes
                0x0000059e       0x1d C:/Users/hgl/AppData/Local/stm32cube/bundles/gnu-tools-for-stm32/13.3.1+st.9/bin/../lib/gcc/arm-none-eabi/13.3.1/thumb/v7-m/nofp\libgcc.a(_arm_addsubsf3.o)
 .ARM.attributes
                0x000005bb       0x1d C:/Users/hgl/AppData/Local/stm32cube/bundles/gnu-tools-for-stm32/13.3.1+st.9/bin/../lib/gcc/arm-none-eabi/13.3.1/thumb/v7-m/nofp\libgcc.a(_arm_muldivsf3.o)
 .ARM.attributes
                0x000005d8       0x2d C:/Users/hgl/AppData/Local/stm32cube/bundles/gnu-tools-for-stm32/13.3.1+st.9/bin/../lib/gcc/arm-none-eabi/13.3.1/../../../../arm-none-eabi/lib/thumb/v7-m/nofp\libg_nano.a(libc_a-memcpy-stub.o)
 .ARM.attributes
                0x00000605       0x1d C:/Users/hgl/AppData/Local/stm32cube/bundles/gnu-tools-for-stm32/13.3.1+st.9/bin/../lib/gcc/arm-none-eabi/13.3.1/thumb/v7-m/nofp/crtn.o

.comment        0x00000000       0x43
 .comment       0x00000000       0x43 cmake/stm32cubemx/CMakeFiles/STM32_Drivers.dir/__/__/Core/Src/system_stm32f1xx.c.obj
                                 0x44 (size before relaxing)
 .comment       0x00000043        0x0 cmake/stm32cubemx/CMakeFiles/STM32_Drivers.dir/__/__/Drivers/STM32F1xx_HAL_Driver/Src/stm32f1xx_hal.c.obj
                                 0x44 (size before relaxing)
 .comment       0x00000043        0x0 cmake/stm32cubemx/CMakeFiles/STM32_Drivers.dir/__/__/Drivers/STM32F1xx_HAL_Driver/Src/stm32f1xx_hal_rcc.c.obj
                                 0x44 (size before relaxing)
 .comment       0x00000043        0x0 cmake/stm32cubemx/CMakeFiles/STM32_Drivers.dir/__/__/Drivers/STM32F1xx_HAL_Driver/Src/stm32f1xx_hal_gpio.c.obj
                                 0x44 (size before relaxing)
 .comment       0x00000043        0x0 cmake/stm32cubemx/CMakeFiles/STM32_Drivers.dir/__/__/Drivers/STM32F1xx_HAL_Driver/Src/stm32f1xx_hal_dma.c.obj
                                 0x44 (size before relaxing)
 .comment       0x00000043        0x0 cmake/stm32cubemx/CMakeFiles/STM32_Drivers.dir/__/__/Drivers/STM32F1xx_HAL_Driver/Src/stm32f1xx_hal_cortex.c.obj
                                 0x44 (size before relaxing)
 .comment       0x00000043        0x0 cmake/stm32cubemx/CMakeFiles/STM32_Drivers.dir/__/__/Drivers/STM32F1xx_HAL_Driver/Src/stm32f1xx_hal_tim.c.obj
                                 0x44 (size before relaxing)
 .comment       0x00000043        0x0 cmake/stm32cubemx/CMakeFiles/STM32_Drivers.dir/__/__/Drivers/STM32F1xx_HAL_Driver/Src/stm32f1xx_hal_tim_ex.c.obj
                                 0x44 (size before relaxing)
 .comment       0x00000043        0x0 cmake/stm32cubemx/CMakeFiles/STM32_Drivers.dir/__/__/Drivers/STM32F1xx_HAL_Driver/Src/stm32f1xx_hal_uart.c.obj
                                 0x44 (size before relaxing)
 .comment       0x00000043        0x0 cmake/stm32cubemx/CMakeFiles/FreeRTOS.dir/__/__/Middlewares/Third_Party/FreeRTOS/Source/list.c.obj
                                 0x44 (size before relaxing)
 .comment       0x00000043        0x0 cmake/stm32cubemx/CMakeFiles/FreeRTOS.dir/__/__/Middlewares/Third_Party/FreeRTOS/Source/queue.c.obj
                                 0x44 (size before relaxing)
 .comment       0x00000043        0x0 cmake/stm32cubemx/CMakeFiles/FreeRTOS.dir/__/__/Middlewares/Third_Party/FreeRTOS/Source/tasks.c.obj
                                 0x44 (size before relaxing)
 .comment       0x00000043        0x0 cmake/stm32cubemx/CMakeFiles/FreeRTOS.dir/__/__/Middlewares/Third_Party/FreeRTOS/Source/timers.c.obj
                                 0x44 (size before relaxing)
 .comment       0x00000043        0x0 cmake/stm32cubemx/CMakeFiles/FreeRTOS.dir/__/__/Middlewares/Third_Party/FreeRTOS/Source/CMSIS_RTOS_V2/cmsis_os2.c.obj
                                 0x44 (size before relaxing)
 .comment       0x00000043        0x0 cmake/stm32cubemx/CMakeFiles/FreeRTOS.dir/__/__/Middlewares/Third_Party/FreeRTOS/Source/portable/MemMang/heap_4.c.obj
                                 0x44 (size before relaxing)
 .comment       0x00000043        0x0 cmake/stm32cubemx/CMakeFiles/FreeRTOS.dir/__/__/Middlewares/Third_Party/FreeRTOS/Source/portable/GCC/ARM_CM3/port.c.obj
                                 0x44 (size before relaxing)
 .comment       0x00000043        0x0 CMakeFiles/free_rtos_temple.dir/Core/Src/drv8833.c.obj
                                 0x44 (size before relaxing)
 .comment       0x00000043        0x0 CMakeFiles/free_rtos_temple.dir/Core/Src/sr04.c.obj
                                 0x44 (size before relaxing)
 .comment       0x00000043        0x0 CMakeFiles/free_rtos_temple.dir/Core/Src/main.c.obj
                                 0x44 (size before relaxing)
 .comment       0x00000043        0x0 CMakeFiles/free_rtos_temple.dir/Core/Src/gpio.c.obj
                                 0x44 (size before relaxing)
 .comment       0x00000043        0x0 CMakeFiles/free_rtos_temple.dir/Core/Src/freertos.c.obj
                                 0x44 (size before relaxing)
 .comment       0x00000043        0x0 CMakeFiles/free_rtos_temple.dir/Core/Src/tim.c.obj
                                 0x44 (size before relaxing)
 .comment       0x00000043        0x0 CMakeFiles/free_rtos_temple.dir/Core/Src/usart.c.obj
                                 0x44 (size before relaxing)
 .comment       0x00000043        0x0 CMakeFiles/free_rtos_temple.dir/Core/Src/stm32f1xx_it.c.obj
                                 0x44 (size before relaxing)
 .comment       0x00000043        0x0 CMakeFiles/free_rtos_temple.dir/Core/Src/stm32f1xx_hal_msp.c.obj
                                 0x44 (size before relaxing)
 .comment       0x00000043        0x0 C:/Users/hgl/AppData/Local/stm32cube/bundles/gnu-tools-for-stm32/13.3.1+st.9/bin/../lib/gcc/arm-none-eabi/13.3.1/../../../../arm-none-eabi/lib/thumb/v7-m/nofp\libg_nano.a(libc_a-memcpy-stub.o)
                                 0x44 (size before relaxing)

.debug_frame    0x00000000     0x58bc
 .debug_frame   0x00000000       0x20 C:/Users/hgl/AppData/Local/stm32cube/bundles/gnu-tools-for-stm32/13.3.1+st.9/bin/../lib/gcc/arm-none-eabi/13.3.1/../../../../arm-none-eabi/lib/thumb/v7-m/nofp\libc_nano.a(libc_a-memset.o)
 .debug_frame   0x00000020       0x2c C:/Users/hgl/AppData/Local/stm32cube/bundles/gnu-tools-for-stm32/13.3.1+st.9/bin/../lib/gcc/arm-none-eabi/13.3.1/../../../../arm-none-eabi/lib/thumb/v7-m/nofp\libc_nano.a(libc_a-init.o)
 .debug_frame   0x0000004c       0x58 cmake/stm32cubemx/CMakeFiles/STM32_Drivers.dir/__/__/Core/Src/system_stm32f1xx.c.obj
 .debug_frame   0x000000a4      0x334 cmake/stm32cubemx/CMakeFiles/STM32_Drivers.dir/__/__/Drivers/STM32F1xx_HAL_Driver/Src/stm32f1xx_hal.c.obj
 .debug_frame   0x000003d8      0x218 cmake/stm32cubemx/CMakeFiles/STM32_Drivers.dir/__/__/Drivers/STM32F1xx_HAL_Driver/Src/stm32f1xx_hal_rcc.c.obj
 .debug_frame   0x000005f0      0x14c cmake/stm32cubemx/CMakeFiles/STM32_Drivers.dir/__/__/Drivers/STM32F1xx_HAL_Driver/Src/stm32f1xx_hal_gpio.c.obj
 .debug_frame   0x0000073c      0x208 cmake/stm32cubemx/CMakeFiles/STM32_Drivers.dir/__/__/Drivers/STM32F1xx_HAL_Driver/Src/stm32f1xx_hal_dma.c.obj
 .debug_frame   0x00000944      0x428 cmake/stm32cubemx/CMakeFiles/STM32_Drivers.dir/__/__/Drivers/STM32F1xx_HAL_Driver/Src/stm32f1xx_hal_cortex.c.obj
 .debug_frame   0x00000d6c     0x11b8 cmake/stm32cubemx/CMakeFiles/STM32_Drivers.dir/__/__/Drivers/STM32F1xx_HAL_Driver/Src/stm32f1xx_hal_tim.c.obj
 .debug_frame   0x00001f24      0x638 cmake/stm32cubemx/CMakeFiles/STM32_Drivers.dir/__/__/Drivers/STM32F1xx_HAL_Driver/Src/stm32f1xx_hal_tim_ex.c.obj
 .debug_frame   0x0000255c      0x944 cmake/stm32cubemx/CMakeFiles/STM32_Drivers.dir/__/__/Drivers/STM32F1xx_HAL_Driver/Src/stm32f1xx_hal_uart.c.obj
 .debug_frame   0x00002ea0       0xd8 cmake/stm32cubemx/CMakeFiles/FreeRTOS.dir/__/__/Middlewares/Third_Party/FreeRTOS/Source/list.c.obj
 .debug_frame   0x00002f78      0x5ec cmake/stm32cubemx/CMakeFiles/FreeRTOS.dir/__/__/Middlewares/Third_Party/FreeRTOS/Source/queue.c.obj
 .debug_frame   0x00003564      0x8f0 cmake/stm32cubemx/CMakeFiles/FreeRTOS.dir/__/__/Middlewares/Third_Party/FreeRTOS/Source/tasks.c.obj
 .debug_frame   0x00003e54      0x400 cmake/stm32cubemx/CMakeFiles/FreeRTOS.dir/__/__/Middlewares/Third_Party/FreeRTOS/Source/timers.c.obj
 .debug_frame   0x00004254      0xbc8 cmake/stm32cubemx/CMakeFiles/FreeRTOS.dir/__/__/Middlewares/Third_Party/FreeRTOS/Source/CMSIS_RTOS_V2/cmsis_os2.c.obj
 .debug_frame   0x00004e1c      0x12c cmake/stm32cubemx/CMakeFiles/FreeRTOS.dir/__/__/Middlewares/Third_Party/FreeRTOS/Source/portable/MemMang/heap_4.c.obj
 .debug_frame   0x00004f48      0x198 cmake/stm32cubemx/CMakeFiles/FreeRTOS.dir/__/__/Middlewares/Third_Party/FreeRTOS/Source/portable/GCC/ARM_CM3/port.c.obj
 .debug_frame   0x000050e0      0x124 CMakeFiles/free_rtos_temple.dir/Core/Src/drv8833.c.obj
 .debug_frame   0x00005204       0x50 CMakeFiles/free_rtos_temple.dir/Core/Src/sr04.c.obj
 .debug_frame   0x00005254       0x68 CMakeFiles/free_rtos_temple.dir/Core/Src/main.c.obj
 .debug_frame   0x000052bc       0x34 CMakeFiles/free_rtos_temple.dir/Core/Src/gpio.c.obj
 .debug_frame   0x000052f0       0xe8 CMakeFiles/free_rtos_temple.dir/Core/Src/freertos.c.obj
 .debug_frame   0x000053d8       0xcc CMakeFiles/free_rtos_temple.dir/Core/Src/tim.c.obj
 .debug_frame   0x000054a4       0x74 CMakeFiles/free_rtos_temple.dir/Core/Src/usart.c.obj
 .debug_frame   0x00005518       0xe0 CMakeFiles/free_rtos_temple.dir/Core/Src/stm32f1xx_it.c.obj
 .debug_frame   0x000055f8       0x34 CMakeFiles/free_rtos_temple.dir/Core/Src/stm32f1xx_hal_msp.c.obj
 .debug_frame   0x0000562c       0xac C:/Users/hgl/AppData/Local/stm32cube/bundles/gnu-tools-for-stm32/13.3.1+st.9/bin/../lib/gcc/arm-none-eabi/13.3.1/thumb/v7-m/nofp\libgcc.a(_arm_addsubdf3.o)
 .debug_frame   0x000056d8       0x50 C:/Users/hgl/AppData/Local/stm32cube/bundles/gnu-tools-for-stm32/13.3.1+st.9/bin/../lib/gcc/arm-none-eabi/13.3.1/thumb/v7-m/nofp\libgcc.a(_arm_muldivdf3.o)
 .debug_frame   0x00005728       0xc4 C:/Users/hgl/AppData/Local/stm32cube/bundles/gnu-tools-for-stm32/13.3.1+st.9/bin/../lib/gcc/arm-none-eabi/13.3.1/thumb/v7-m/nofp\libgcc.a(_arm_cmpdf2.o)
 .debug_frame   0x000057ec       0x24 C:/Users/hgl/AppData/Local/stm32cube/bundles/gnu-tools-for-stm32/13.3.1+st.9/bin/../lib/gcc/arm-none-eabi/13.3.1/thumb/v7-m/nofp\libgcc.a(_arm_fixunsdfsi.o)
 .debug_frame   0x00005810       0x4c C:/Users/hgl/AppData/Local/stm32cube/bundles/gnu-tools-for-stm32/13.3.1+st.9/bin/../lib/gcc/arm-none-eabi/13.3.1/thumb/v7-m/nofp\libgcc.a(_arm_addsubsf3.o)
 .debug_frame   0x0000585c       0x38 C:/Users/hgl/AppData/Local/stm32cube/bundles/gnu-tools-for-stm32/13.3.1+st.9/bin/../lib/gcc/arm-none-eabi/13.3.1/thumb/v7-m/nofp\libgcc.a(_arm_muldivsf3.o)
 .debug_frame   0x00005894       0x28 C:/Users/hgl/AppData/Local/stm32cube/bundles/gnu-tools-for-stm32/13.3.1+st.9/bin/../lib/gcc/arm-none-eabi/13.3.1/../../../../arm-none-eabi/lib/thumb/v7-m/nofp\libg_nano.a(libc_a-memcpy-stub.o)

.debug_info     0x00000000    0x16e9b
 .debug_info    0x00000000      0x222 cmake/stm32cubemx/CMakeFiles/STM32_Drivers.dir/__/__/Core/Src/system_stm32f1xx.c.obj
 .debug_info    0x00000222      0x704 cmake/stm32cubemx/CMakeFiles/STM32_Drivers.dir/__/__/Drivers/STM32F1xx_HAL_Driver/Src/stm32f1xx_hal.c.obj
 .debug_info    0x00000926      0x7d5 cmake/stm32cubemx/CMakeFiles/STM32_Drivers.dir/__/__/Drivers/STM32F1xx_HAL_Driver/Src/stm32f1xx_hal_rcc.c.obj
 .debug_info    0x000010fb      0x5ab cmake/stm32cubemx/CMakeFiles/STM32_Drivers.dir/__/__/Drivers/STM32F1xx_HAL_Driver/Src/stm32f1xx_hal_gpio.c.obj
 .debug_info    0x000016a6      0x6d2 cmake/stm32cubemx/CMakeFiles/STM32_Drivers.dir/__/__/Drivers/STM32F1xx_HAL_Driver/Src/stm32f1xx_hal_dma.c.obj
 .debug_info    0x00001d78      0xa87 cmake/stm32cubemx/CMakeFiles/STM32_Drivers.dir/__/__/Drivers/STM32F1xx_HAL_Driver/Src/stm32f1xx_hal_cortex.c.obj
 .debug_info    0x000027ff     0x2959 cmake/stm32cubemx/CMakeFiles/STM32_Drivers.dir/__/__/Drivers/STM32F1xx_HAL_Driver/Src/stm32f1xx_hal_tim.c.obj
 .debug_info    0x00005158     0x149b cmake/stm32cubemx/CMakeFiles/STM32_Drivers.dir/__/__/Drivers/STM32F1xx_HAL_Driver/Src/stm32f1xx_hal_tim_ex.c.obj
 .debug_info    0x000065f3     0x2eed cmake/stm32cubemx/CMakeFiles/STM32_Drivers.dir/__/__/Drivers/STM32F1xx_HAL_Driver/Src/stm32f1xx_hal_uart.c.obj
 .debug_info    0x000094e0      0x2af cmake/stm32cubemx/CMakeFiles/FreeRTOS.dir/__/__/Middlewares/Third_Party/FreeRTOS/Source/list.c.obj
 .debug_info    0x0000978f     0x1b79 cmake/stm32cubemx/CMakeFiles/FreeRTOS.dir/__/__/Middlewares/Third_Party/FreeRTOS/Source/queue.c.obj
 .debug_info    0x0000b308     0x21ec cmake/stm32cubemx/CMakeFiles/FreeRTOS.dir/__/__/Middlewares/Third_Party/FreeRTOS/Source/tasks.c.obj
 .debug_info    0x0000d4f4     0x1488 cmake/stm32cubemx/CMakeFiles/FreeRTOS.dir/__/__/Middlewares/Third_Party/FreeRTOS/Source/timers.c.obj
 .debug_info    0x0000e97c     0x3975 cmake/stm32cubemx/CMakeFiles/FreeRTOS.dir/__/__/Middlewares/Third_Party/FreeRTOS/Source/CMSIS_RTOS_V2/cmsis_os2.c.obj
 .debug_info    0x000122f1      0x4d5 cmake/stm32cubemx/CMakeFiles/FreeRTOS.dir/__/__/Middlewares/Third_Party/FreeRTOS/Source/portable/MemMang/heap_4.c.obj
 .debug_info    0x000127c6      0x494 cmake/stm32cubemx/CMakeFiles/FreeRTOS.dir/__/__/Middlewares/Third_Party/FreeRTOS/Source/portable/GCC/ARM_CM3/port.c.obj
 .debug_info    0x00012c5a      0x764 CMakeFiles/free_rtos_temple.dir/Core/Src/drv8833.c.obj
 .debug_info    0x000133be      0x1e0 CMakeFiles/free_rtos_temple.dir/Core/Src/sr04.c.obj
 .debug_info    0x0001359e      0x314 CMakeFiles/free_rtos_temple.dir/Core/Src/main.c.obj
 .debug_info    0x000138b2      0x2b7 CMakeFiles/free_rtos_temple.dir/Core/Src/gpio.c.obj
 .debug_info    0x00013b69     0x133b CMakeFiles/free_rtos_temple.dir/Core/Src/freertos.c.obj
 .debug_info    0x00014ea4      0xb94 CMakeFiles/free_rtos_temple.dir/Core/Src/tim.c.obj
 .debug_info    0x00015a38      0x9be CMakeFiles/free_rtos_temple.dir/Core/Src/usart.c.obj
 .debug_info    0x000163f6      0x5f3 CMakeFiles/free_rtos_temple.dir/Core/Src/stm32f1xx_it.c.obj
 .debug_info    0x000169e9      0x361 CMakeFiles/free_rtos_temple.dir/Core/Src/stm32f1xx_hal_msp.c.obj
 .debug_info    0x00016d4a       0x30 CMakeFiles/free_rtos_temple.dir/startup_stm32f103xb.s.obj
 .debug_info    0x00016d7a      0x121 C:/Users/hgl/AppData/Local/stm32cube/bundles/gnu-tools-for-stm32/13.3.1+st.9/bin/../lib/gcc/arm-none-eabi/13.3.1/../../../../arm-none-eabi/lib/thumb/v7-m/nofp\libg_nano.a(libc_a-memcpy-stub.o)

.debug_abbrev   0x00000000     0x3a4e
 .debug_abbrev  0x00000000      0x13f cmake/stm32cubemx/CMakeFiles/STM32_Drivers.dir/__/__/Core/Src/system_stm32f1xx.c.obj
 .debug_abbrev  0x0000013f      0x201 cmake/stm32cubemx/CMakeFiles/STM32_Drivers.dir/__/__/Drivers/STM32F1xx_HAL_Driver/Src/stm32f1xx_hal.c.obj
 .debug_abbrev  0x00000340      0x2b3 cmake/stm32cubemx/CMakeFiles/STM32_Drivers.dir/__/__/Drivers/STM32F1xx_HAL_Driver/Src/stm32f1xx_hal_rcc.c.obj
 .debug_abbrev  0x000005f3      0x1ca cmake/stm32cubemx/CMakeFiles/STM32_Drivers.dir/__/__/Drivers/STM32F1xx_HAL_Driver/Src/stm32f1xx_hal_gpio.c.obj
 .debug_abbrev  0x000007bd      0x20b cmake/stm32cubemx/CMakeFiles/STM32_Drivers.dir/__/__/Drivers/STM32F1xx_HAL_Driver/Src/stm32f1xx_hal_dma.c.obj
 .debug_abbrev  0x000009c8      0x2f8 cmake/stm32cubemx/CMakeFiles/STM32_Drivers.dir/__/__/Drivers/STM32F1xx_HAL_Driver/Src/stm32f1xx_hal_cortex.c.obj
 .debug_abbrev  0x00000cc0      0x277 cmake/stm32cubemx/CMakeFiles/STM32_Drivers.dir/__/__/Drivers/STM32F1xx_HAL_Driver/Src/stm32f1xx_hal_tim.c.obj
 .debug_abbrev  0x00000f37      0x282 cmake/stm32cubemx/CMakeFiles/STM32_Drivers.dir/__/__/Drivers/STM32F1xx_HAL_Driver/Src/stm32f1xx_hal_tim_ex.c.obj
 .debug_abbrev  0x000011b9      0x2f8 cmake/stm32cubemx/CMakeFiles/STM32_Drivers.dir/__/__/Drivers/STM32F1xx_HAL_Driver/Src/stm32f1xx_hal_uart.c.obj
 .debug_abbrev  0x000014b1       0xf5 cmake/stm32cubemx/CMakeFiles/FreeRTOS.dir/__/__/Middlewares/Third_Party/FreeRTOS/Source/list.c.obj
 .debug_abbrev  0x000015a6      0x3b6 cmake/stm32cubemx/CMakeFiles/FreeRTOS.dir/__/__/Middlewares/Third_Party/FreeRTOS/Source/queue.c.obj
 .debug_abbrev  0x0000195c      0x386 cmake/stm32cubemx/CMakeFiles/FreeRTOS.dir/__/__/Middlewares/Third_Party/FreeRTOS/Source/tasks.c.obj
 .debug_abbrev  0x00001ce2      0x352 cmake/stm32cubemx/CMakeFiles/FreeRTOS.dir/__/__/Middlewares/Third_Party/FreeRTOS/Source/timers.c.obj
 .debug_abbrev  0x00002034      0x508 cmake/stm32cubemx/CMakeFiles/FreeRTOS.dir/__/__/Middlewares/Third_Party/FreeRTOS/Source/CMSIS_RTOS_V2/cmsis_os2.c.obj
 .debug_abbrev  0x0000253c      0x21d cmake/stm32cubemx/CMakeFiles/FreeRTOS.dir/__/__/Middlewares/Third_Party/FreeRTOS/Source/portable/MemMang/heap_4.c.obj
 .debug_abbrev  0x00002759      0x258 cmake/stm32cubemx/CMakeFiles/FreeRTOS.dir/__/__/Middlewares/Third_Party/FreeRTOS/Source/portable/GCC/ARM_CM3/port.c.obj
 .debug_abbrev  0x000029b1      0x1ef CMakeFiles/free_rtos_temple.dir/Core/Src/drv8833.c.obj
 .debug_abbrev  0x00002ba0      0x14b CMakeFiles/free_rtos_temple.dir/Core/Src/sr04.c.obj
 .debug_abbrev  0x00002ceb      0x184 CMakeFiles/free_rtos_temple.dir/Core/Src/main.c.obj
 .debug_abbrev  0x00002e6f      0x13f CMakeFiles/free_rtos_temple.dir/Core/Src/gpio.c.obj
 .debug_abbrev  0x00002fae      0x2a8 CMakeFiles/free_rtos_temple.dir/Core/Src/freertos.c.obj
 .debug_abbrev  0x00003256      0x243 CMakeFiles/free_rtos_temple.dir/Core/Src/tim.c.obj
 .debug_abbrev  0x00003499      0x216 CMakeFiles/free_rtos_temple.dir/Core/Src/usart.c.obj
 .debug_abbrev  0x000036af      0x19e CMakeFiles/free_rtos_temple.dir/Core/Src/stm32f1xx_it.c.obj
 .debug_abbrev  0x0000384d      0x11c CMakeFiles/free_rtos_temple.dir/Core/Src/stm32f1xx_hal_msp.c.obj
 .debug_abbrev  0x00003969       0x24 CMakeFiles/free_rtos_temple.dir/startup_stm32f103xb.s.obj
 .debug_abbrev  0x0000398d       0xc1 C:/Users/hgl/AppData/Local/stm32cube/bundles/gnu-tools-for-stm32/13.3.1+st.9/bin/../lib/gcc/arm-none-eabi/13.3.1/../../../../arm-none-eabi/lib/thumb/v7-m/nofp\libg_nano.a(libc_a-memcpy-stub.o)

.debug_aranges  0x00000000     0x1500
 .debug_aranges
                0x00000000       0x28 cmake/stm32cubemx/CMakeFiles/STM32_Drivers.dir/__/__/Core/Src/system_stm32f1xx.c.obj
 .debug_aranges